Archive member included to satisfy reference by file (symbol)

lib/ulib.a(string.o)          init/init.o (strlen)
lib/ulib.a(syscall.o)         init/init.o (malloc)

Allocating common symbols
Common symbol       size              file

str3                0x4               init/init.o
str2                0x4               init/init.o

Discarded input sections

 .debug_info    0x0000000000000000      0x1b9 init/init.o
 .debug_abbrev  0x0000000000000000       0xd8 init/init.o
 .debug_aranges
                0x0000000000000000       0x20 init/init.o
 .debug_line    0x0000000000000000       0xa5 init/init.o
 .debug_str     0x0000000000000000       0xf7 init/init.o
 .note.GNU-stack
                0x0000000000000000        0x0 init/init.o

Memory Configuration

Name             Origin             Length             Attributes
*default*        0x0000000000000000 0xffffffffffffffff

Linker script and memory map

LOAD init/init.o
LOAD init/initstart.o
LOAD lib/ulib.a
                [!provide]                        PROVIDE (__executable_start, 0x8048000)
                0x0000000008048094                . = (0x8048000 + SIZEOF_HEADERS)

.interp
 *(.interp)

.note.gnu.build-id
 *(.note.gnu.build-id)

.hash
 *(.hash)

.gnu.hash
 *(.gnu.hash)

.dynsym
 *(.dynsym)

.dynstr
 *(.dynstr)

.gnu.version
 *(.gnu.version)

.gnu.version_d
 *(.gnu.version_d)

.gnu.version_r
 *(.gnu.version_r)

.rel.dyn        0x0000000008048094        0x0
 *(.rel.init)
 *(.rel.text .rel.text.* .rel.gnu.linkonce.t.*)
 .rel.text      0x0000000008048094        0x0 init/init.o
 *(.rel.fini)
 *(.rel.rodata .rel.rodata.* .rel.gnu.linkonce.r.*)
 *(.rel.data.rel.ro .rel.data.rel.ro.* .rel.gnu.linkonce.d.rel.ro.*)
 *(.rel.data .rel.data.* .rel.gnu.linkonce.d.*)
 *(.rel.tdata .rel.tdata.* .rel.gnu.linkonce.td.*)
 *(.rel.tbss .rel.tbss.* .rel.gnu.linkonce.tb.*)
 *(.rel.ctors)
 *(.rel.dtors)
 *(.rel.got)
 *(.rel.bss .rel.bss.* .rel.gnu.linkonce.b.*)
 *(.rel.ifunc)

.rel.plt        0x0000000008048094        0x0
 *(.rel.plt)
                [!provide]                        PROVIDE (__rel_iplt_start, .)
 *(.rel.iplt)
 .rel.iplt      0x0000000008048094        0x0 init/init.o
                [!provide]                        PROVIDE (__rel_iplt_end, .)

.init
 *(SORT(.init))

.plt            0x00000000080480a0        0x0
 *(.plt)
 *(.iplt)
 .iplt          0x00000000080480a0        0x0 init/init.o

.plt.got
 *(.plt.got)

.text           0x00000000080480a0      0x5aa
 *(.text.unlikely .text.*_unlikely .text.unlikely.*)
 *(.text.exit .text.exit.*)
 *(.text.startup .text.startup.*)
 *(.text.hot .text.hot.*)
 *(.text .stub .text.* .gnu.linkonce.t.*)
 .text          0x00000000080480a0      0x3fe init/init.o
                0x00000000080480a0                pthread_test3
                0x000000000804813c                pthread_test2
                0x00000000080481e8                pthread_test1
                0x000000000804824f                main
 *fill*         0x000000000804849e        0x2 
 .text          0x00000000080484a0        0x8 init/initstart.o
                0x00000000080484a0                _start
 *fill*         0x00000000080484a8        0x8 
 .text          0x00000000080484b0       0x78 lib/ulib.a(string.o)
                0x00000000080484b0                memcpy
                0x00000000080484d9                memset
                0x00000000080484fa                strcpy
                0x0000000008048512                strlen
 *fill*         0x0000000008048528        0x8 
 .text          0x0000000008048530      0x11a lib/ulib.a(syscall.o)
                0x0000000008048530                get_ticks
                0x0000000008048538                get_pid
                0x0000000008048540                kmalloc
                0x000000000804854c                kmalloc_4k
                0x0000000008048558                malloc
                0x0000000008048564                malloc_4k
                0x0000000008048570                free
                0x000000000804857c                free_4k
                0x0000000008048588                fork
                0x0000000008048590                pthread
                0x000000000804859c                udisp_int
                0x00000000080485a8                udisp_str
                0x00000000080485b4                exec
                0x00000000080485c0                yield
                0x00000000080485cc                sleep
                0x00000000080485d8                print_E
                0x00000000080485e4                print_F
                0x00000000080485f0                open
                0x00000000080485ff                close
                0x000000000804860e                read
                0x000000000804861d                write
                0x000000000804862c                lseek
                0x000000000804863b                unlink
 *(.gnu.warning)

.fini
 *(SORT(.fini))
                [!provide]                        PROVIDE (__etext, .)
                [!provide]                        PROVIDE (_etext, .)
                [!provide]                        PROVIDE (etext, .)

.rodata         0x000000000804864a       0x8f
 *(.rodata .rodata.* .gnu.linkonce.r.*)
 .rodata        0x000000000804864a       0x8f init/init.o

.rodata1
 *(.rodata1)

.eh_frame_hdr
 *(.eh_frame_hdr)
 *(.eh_frame_entry .eh_frame_entry.*)

.eh_frame       0x00000000080486dc       0x90
 *(.eh_frame)
 .eh_frame      0x00000000080486dc       0x90 init/init.o
 *(.eh_frame.*)

.gcc_except_table
 *(.gcc_except_table .gcc_except_table.*)

.gnu_extab
 *(.gnu_extab*)

.exception_ranges
 *(.exception_ranges .exception_ranges*)
                0x000000000804976c                . = DATA_SEGMENT_ALIGN (0x1000, 0x1000)

.eh_frame
 *(.eh_frame)
 *(.eh_frame.*)

.gnu_extab
 *(.gnu_extab)

.gcc_except_table
 *(.gcc_except_table .gcc_except_table.*)

.exception_ranges
 *(.exception_ranges .exception_ranges*)

.tdata
 *(.tdata .tdata.* .gnu.linkonce.td.*)

.tbss
 *(.tbss .tbss.* .gnu.linkonce.tb.*)
 *(.tcommon)

.preinit_array  0x000000000804976c        0x0
                [!provide]                        PROVIDE (__preinit_array_start, .)
 *(.preinit_array)
                [!provide]                        PROVIDE (__preinit_array_end, .)

.init_array     0x000000000804976c        0x0
                [!provide]                        PROVIDE (__init_array_start, .)
 *(SORT(.init_array.*) SORT(.ctors.*))
 *(.init_array EXCLUDE_FILE(*crtend?.o *crtend.o *crtbegin?.o *crtbegin.o) .ctors)
                [!provide]                        PROVIDE (__init_array_end, .)

.fini_array     0x000000000804976c        0x0
                [!provide]                        PROVIDE (__fini_array_start, .)
 *(SORT(.fini_array.*) SORT(.dtors.*))
 *(.fini_array EXCLUDE_FILE(*crtend?.o *crtend.o *crtbegin?.o *crtbegin.o) .dtors)
                [!provide]                        PROVIDE (__fini_array_end, .)

.ctors
 *crtbegin.o(.ctors)
 *crtbegin?.o(.ctors)
 *(EXCLUDE_FILE(*crtend?.o *crtend.o) .ctors)
 *(SORT(.ctors.*))
 *(.ctors)

.dtors
 *crtbegin.o(.dtors)
 *crtbegin?.o(.dtors)
 *(EXCLUDE_FILE(*crtend?.o *crtend.o) .dtors)
 *(SORT(.dtors.*))
 *(.dtors)

.jcr
 *(.jcr)

.data.rel.ro
 *(.data.rel.ro.local* .gnu.linkonce.d.rel.ro.local.*)
 *(.data.rel.ro .data.rel.ro.* .gnu.linkonce.d.rel.ro.*)

.dynamic
 *(.dynamic)

.got
 *(.got)
 *(.igot)
                0x000000000804976c                . = DATA_SEGMENT_RELRO_END (., (SIZEOF (.got.plt) >= 0xc)?0xc:0x0)

.got.plt        0x000000000804976c        0x0
 *(.got.plt)
 *(.igot.plt)
 .igot.plt      0x000000000804976c        0x0 init/init.o

.data           0x000000000804976c        0x0
 *(.data .data.* .gnu.linkonce.d.*)
 .data          0x000000000804976c        0x0 init/init.o

.data1
 *(.data1)
                0x000000000804976c                _edata = .
                [!provide]                        PROVIDE (edata, .)
                0x000000000804976c                . = .
                0x000000000804976c                __bss_start = .

.bss            0x000000000804976c        0xc
 *(.dynbss)
 *(.bss .bss.* .gnu.linkonce.b.*)
 .bss           0x000000000804976c        0x4 init/init.o
                0x000000000804976c                global
 *(COMMON)
 COMMON         0x0000000008049770        0x8 init/init.o
                0x0000000008049770                str3
                0x0000000008049774                str2
                0x0000000008049778                . = ALIGN ((. != 0x0)?0x4:0x1)
                0x0000000008049778                . = ALIGN (0x4)
                0x0000000008049778                . = SEGMENT_START ("ldata-segment", .)
                0x0000000008049778                . = ALIGN (0x4)
                0x0000000008049778                _end = .
                [!provide]                        PROVIDE (end, .)
                0x0000000008049778                . = DATA_SEGMENT_END (.)

.stab
 *(.stab)

.stabstr
 *(.stabstr)

.stab.excl
 *(.stab.excl)

.stab.exclstr
 *(.stab.exclstr)

.stab.index
 *(.stab.index)

.stab.indexstr
 *(.stab.indexstr)

.comment        0x0000000000000000       0x34
 *(.comment)
 .comment       0x0000000000000000       0x34 init/init.o
                                         0x35 (size before relaxing)

.debug
 *(.debug)

.line
 *(.line)

.debug_srcinfo
 *(.debug_srcinfo)

.debug_sfnames
 *(.debug_sfnames)

.debug_aranges
 *(.debug_aranges)

.debug_pubnames
 *(.debug_pubnames)

.debug_info
 *(.debug_info .gnu.linkonce.wi.*)

.debug_abbrev
 *(.debug_abbrev)

.debug_line
 *(.debug_line .debug_line.* .debug_line_end)

.debug_frame
 *(.debug_frame)

.debug_str
 *(.debug_str)

.debug_loc
 *(.debug_loc)

.debug_macinfo
 *(.debug_macinfo)

.debug_weaknames
 *(.debug_weaknames)

.debug_funcnames
 *(.debug_funcnames)

.debug_typenames
 *(.debug_typenames)

.debug_varnames
 *(.debug_varnames)

.debug_pubtypes
 *(.debug_pubtypes)

.debug_ranges
 *(.debug_ranges)

.debug_macro
 *(.debug_macro)

.gnu.attributes
 *(.gnu.attributes)

/DISCARD/
 *(.note.GNU-stack)
 *(.gnu_debuglink)
 *(.gnu.lto_*)
OUTPUT(init/init.bin elf32-i386)
