
Allocating common symbols
Common symbol       size              file

idt_ptr             0x6               kernel/global.o
s_memman            0x7fe0            kernel/memman.o
k_reenter           0x4               kernel/global.o
gdt                 0x400             kernel/global.o
cpu_table           0x2000            kernel/global.o
tss                 0x68              kernel/global.o
p_proc_current      0x4               kernel/global.o
cr3_ready           0x4               kernel/global.o
p_proc_next         0x4               kernel/global.o
disp_pos            0x4               kernel/global.o
gdt_ptr             0x6               kernel/global.o
idt                 0x800             kernel/global.o
kernel_initial      0x4               kernel/global.o
PARTITION_ENTRY     0x10              kernel/main.o
ticks               0x4               kernel/global.o
irq_table           0x40              kernel/global.o
u_proc_sum          0x4               kernel/global.o
proc_table          0x18000           kernel/global.o
cr2_save            0x4               kernel/pagetbl.o

Discarded input sections

 .debug_info    0x0000000000000000      0x1e1 kernel/start.o
 .debug_abbrev  0x0000000000000000       0xc6 kernel/start.o
 .debug_aranges
                0x0000000000000000       0x20 kernel/start.o
 .debug_line    0x0000000000000000       0x7a kernel/start.o
 .debug_str     0x0000000000000000      0x1a3 kernel/start.o
 .note.GNU-stack
                0x0000000000000000        0x0 kernel/start.o
 .debug_info    0x0000000000000000      0x755 kernel/main.o
 .debug_abbrev  0x0000000000000000      0x1db kernel/main.o
 .debug_aranges
                0x0000000000000000       0x20 kernel/main.o
 .debug_line    0x0000000000000000      0x2ed kernel/main.o
 .debug_str     0x0000000000000000      0x52c kernel/main.o
 .note.GNU-stack
                0x0000000000000000        0x0 kernel/main.o
 .debug_info    0x0000000000000000      0x527 kernel/clock.o
 .debug_abbrev  0x0000000000000000      0x160 kernel/clock.o
 .debug_aranges
                0x0000000000000000       0x20 kernel/clock.o
 .debug_line    0x0000000000000000       0x8a kernel/clock.o
 .debug_str     0x0000000000000000      0x3da kernel/clock.o
 .note.GNU-stack
                0x0000000000000000        0x0 kernel/clock.o
 .debug_info    0x0000000000000000      0x10e kernel/i8259.o
 .debug_abbrev  0x0000000000000000       0xe4 kernel/i8259.o
 .debug_aranges
                0x0000000000000000       0x20 kernel/i8259.o
 .debug_line    0x0000000000000000       0x88 kernel/i8259.o
 .debug_str     0x0000000000000000      0x120 kernel/i8259.o
 .note.GNU-stack
                0x0000000000000000        0x0 kernel/i8259.o
 .debug_info    0x0000000000000000      0x927 kernel/global.o
 .debug_abbrev  0x0000000000000000      0x142 kernel/global.o
 .debug_aranges
                0x0000000000000000       0x18 kernel/global.o
 .debug_line    0x0000000000000000       0x6d kernel/global.o
 .debug_str     0x0000000000000000      0x55d kernel/global.o
 .note.GNU-stack
                0x0000000000000000        0x0 kernel/global.o
 .debug_info    0x0000000000000000      0x95e kernel/protect.o
 .debug_abbrev  0x0000000000000000      0x237 kernel/protect.o
 .debug_aranges
                0x0000000000000000       0x20 kernel/protect.o
 .debug_line    0x0000000000000000      0x14c kernel/protect.o
 .debug_str     0x0000000000000000      0x530 kernel/protect.o
 .note.GNU-stack
                0x0000000000000000        0x0 kernel/protect.o
 .debug_info    0x0000000000000000      0x68b kernel/proc.o
 .debug_abbrev  0x0000000000000000      0x20e kernel/proc.o
 .debug_aranges
                0x0000000000000000       0x20 kernel/proc.o
 .debug_line    0x0000000000000000      0x10a kernel/proc.o
 .debug_str     0x0000000000000000      0x43b kernel/proc.o
 .note.GNU-stack
                0x0000000000000000        0x0 kernel/proc.o
 .debug_info    0x0000000000000000      0x14c lib/klib.o
 .debug_abbrev  0x0000000000000000       0xcf lib/klib.o
 .debug_aranges
                0x0000000000000000       0x20 lib/klib.o
 .debug_line    0x0000000000000000       0x90 lib/klib.o
 .debug_str     0x0000000000000000       0xf8 lib/klib.o
 .note.GNU-stack
                0x0000000000000000        0x0 lib/klib.o
 .debug_info    0x0000000000000000      0x713 kernel/syscallc.o
 .debug_abbrev  0x0000000000000000      0x1e2 kernel/syscallc.o
 .debug_aranges
                0x0000000000000000       0x20 kernel/syscallc.o
 .debug_line    0x0000000000000000       0xd2 kernel/syscallc.o
 .debug_str     0x0000000000000000      0x4b3 kernel/syscallc.o
 .note.GNU-stack
                0x0000000000000000        0x0 kernel/syscallc.o
 .debug_info    0x0000000000000000      0x591 kernel/memman.o
 .debug_abbrev  0x0000000000000000      0x1e2 kernel/memman.o
 .debug_aranges
                0x0000000000000000       0x20 kernel/memman.o
 .debug_line    0x0000000000000000      0x334 kernel/memman.o
 .debug_str     0x0000000000000000      0x213 kernel/memman.o
 .note.GNU-stack
                0x0000000000000000        0x0 kernel/memman.o
 .debug_info    0x0000000000000000      0x99c kernel/pagetbl.o
 .debug_abbrev  0x0000000000000000      0x2c5 kernel/pagetbl.o
 .debug_aranges
                0x0000000000000000       0x20 kernel/pagetbl.o
 .debug_line    0x0000000000000000      0x158 kernel/pagetbl.o
 .debug_str     0x0000000000000000      0x5b9 kernel/pagetbl.o
 .note.GNU-stack
                0x0000000000000000        0x0 kernel/pagetbl.o
 .debug_info    0x0000000000000000      0x435 kernel/elf.o
 .debug_abbrev  0x0000000000000000      0x11b kernel/elf.o
 .debug_aranges
                0x0000000000000000       0x20 kernel/elf.o
 .debug_line    0x0000000000000000      0x14c kernel/elf.o
 .debug_str     0x0000000000000000      0x296 kernel/elf.o
 .note.GNU-stack
                0x0000000000000000        0x0 kernel/elf.o
 .debug_info    0x0000000000000000      0x12a kernel/file.o
 .debug_abbrev  0x0000000000000000       0xac kernel/file.o
 .debug_aranges
                0x0000000000000000       0x20 kernel/file.o
 .debug_line    0x0000000000000000       0x5d kernel/file.o
 .debug_str     0x0000000000000000      0x116 kernel/file.o
 .note.GNU-stack
                0x0000000000000000        0x0 kernel/file.o
 .debug_info    0x0000000000000000      0x8a5 kernel/exec.o
 .debug_abbrev  0x0000000000000000      0x1de kernel/exec.o
 .debug_aranges
                0x0000000000000000       0x20 kernel/exec.o
 .debug_line    0x0000000000000000      0x12b kernel/exec.o
 .debug_str     0x0000000000000000      0x5bb kernel/exec.o
 .note.GNU-stack
                0x0000000000000000        0x0 kernel/exec.o
 .debug_info    0x0000000000000000      0x5f4 kernel/fork.o
 .debug_abbrev  0x0000000000000000      0x1a3 kernel/fork.o
 .debug_aranges
                0x0000000000000000       0x20 kernel/fork.o
 .debug_line    0x0000000000000000      0x1a4 kernel/fork.o
 .debug_str     0x0000000000000000      0x413 kernel/fork.o
 .note.GNU-stack
                0x0000000000000000        0x0 kernel/fork.o
 .debug_info    0x0000000000000000      0x68d kernel/pthread.o
 .debug_abbrev  0x0000000000000000      0x1b1 kernel/pthread.o
 .debug_aranges
                0x0000000000000000       0x20 kernel/pthread.o
 .debug_line    0x0000000000000000       0xee kernel/pthread.o
 .debug_str     0x0000000000000000      0x451 kernel/pthread.o
 .note.GNU-stack
                0x0000000000000000        0x0 kernel/pthread.o
 .debug_info    0x0000000000000000      0x2c0 kernel/ktest.o
 .debug_abbrev  0x0000000000000000       0xc8 kernel/ktest.o
 .debug_aranges
                0x0000000000000000       0x20 kernel/ktest.o
 .debug_line    0x0000000000000000       0xdc kernel/ktest.o
 .debug_str     0x0000000000000000      0x132 kernel/ktest.o
 .note.GNU-stack
                0x0000000000000000        0x0 kernel/ktest.o
 .debug_info    0x0000000000000000       0xaf kernel/testfunc.o
 .debug_abbrev  0x0000000000000000       0x67 kernel/testfunc.o
 .debug_aranges
                0x0000000000000000       0x20 kernel/testfunc.o
 .debug_line    0x0000000000000000       0x5a kernel/testfunc.o
 .debug_str     0x0000000000000000       0xec kernel/testfunc.o
 .note.GNU-stack
                0x0000000000000000        0x0 kernel/testfunc.o
 .debug_info    0x0000000000000000     0x1a84 kernel/fs.o
 .debug_abbrev  0x0000000000000000      0x2a7 kernel/fs.o
 .debug_aranges
                0x0000000000000000       0x20 kernel/fs.o
 .debug_line    0x0000000000000000      0x6c4 kernel/fs.o
 .debug_str     0x0000000000000000      0x982 kernel/fs.o
 .note.GNU-stack
                0x0000000000000000        0x0 kernel/fs.o
 .debug_info    0x0000000000000000     0x1142 kernel/hd.o
 .debug_abbrev  0x0000000000000000      0x356 kernel/hd.o
 .debug_aranges
                0x0000000000000000       0x20 kernel/hd.o
 .debug_ranges  0x0000000000000000       0x30 kernel/hd.o
 .debug_line    0x0000000000000000      0x40f kernel/hd.o
 .debug_str     0x0000000000000000      0x838 kernel/hd.o
 .note.GNU-stack
                0x0000000000000000        0x0 kernel/hd.o

Memory Configuration

Name             Origin             Length             Attributes
*default*        0x0000000000000000 0xffffffffffffffff

Linker script and memory map

Address of section .text set to 0xc0030400
LOAD kernel/kernel.o
LOAD kernel/syscall.o
LOAD kernel/start.o
LOAD kernel/main.o
LOAD kernel/clock.o
LOAD kernel/i8259.o
LOAD kernel/global.o
LOAD kernel/protect.o
LOAD kernel/proc.o
LOAD lib/kliba.o
LOAD lib/klib.o
LOAD lib/string.o
LOAD kernel/syscallc.o
LOAD kernel/memman.o
LOAD kernel/pagetbl.o
LOAD kernel/elf.o
LOAD kernel/file.o
LOAD kernel/exec.o
LOAD kernel/fork.o
LOAD kernel/pthread.o
LOAD kernel/ktest.o
LOAD kernel/testfunc.o
LOAD kernel/fs.o
LOAD kernel/hd.o
                [!provide]                        PROVIDE (__executable_start, 0x8048000)
                0x0000000008048094                . = (0x8048000 + SIZEOF_HEADERS)

.interp
 *(.interp)

.note.gnu.build-id
 *(.note.gnu.build-id)

.hash
 *(.hash)

.gnu.hash
 *(.gnu.hash)

.dynsym
 *(.dynsym)

.dynstr
 *(.dynstr)

.gnu.version
 *(.gnu.version)

.gnu.version_d
 *(.gnu.version_d)

.gnu.version_r
 *(.gnu.version_r)

.rel.dyn        0x0000000008048094        0x0
 *(.rel.init)
 *(.rel.text .rel.text.* .rel.gnu.linkonce.t.*)
 .rel.text      0x0000000008048094        0x0 kernel/kernel.o
 *(.rel.fini)
 *(.rel.rodata .rel.rodata.* .rel.gnu.linkonce.r.*)
 *(.rel.data.rel.ro .rel.data.rel.ro.* .rel.gnu.linkonce.d.rel.ro.*)
 *(.rel.data .rel.data.* .rel.gnu.linkonce.d.*)
 .rel.data      0x0000000008048094        0x0 kernel/kernel.o
 *(.rel.tdata .rel.tdata.* .rel.gnu.linkonce.td.*)
 *(.rel.tbss .rel.tbss.* .rel.gnu.linkonce.tb.*)
 *(.rel.ctors)
 *(.rel.dtors)
 *(.rel.got)
 *(.rel.bss .rel.bss.* .rel.gnu.linkonce.b.*)
 *(.rel.ifunc)

.rel.plt        0x0000000008048094        0x0
 *(.rel.plt)
                [!provide]                        PROVIDE (__rel_iplt_start, .)
 *(.rel.iplt)
 .rel.iplt      0x0000000008048094        0x0 kernel/kernel.o
                [!provide]                        PROVIDE (__rel_iplt_end, .)

.init
 *(SORT(.init))

.plt            0x00000000080480a0        0x0
 *(.plt)
 *(.iplt)
 .iplt          0x00000000080480a0        0x0 kernel/kernel.o

.plt.got
 *(.plt.got)

.text           0x00000000c0030400     0x9088
 *(.text.unlikely .text.*_unlikely .text.unlikely.*)
 *(.text.exit .text.exit.*)
 *(.text.startup .text.startup.*)
 *(.text.hot .text.hot.*)
 *(.text .stub .text.* .gnu.linkonce.t.*)
 .text          0x00000000c0030400      0x71d kernel/kernel.o
                0x00000000c0030400                _start
                0x00000000c0030440                hwint00
                0x00000000c0030470                hwint01
                0x00000000c00304a0                hwint02
                0x00000000c00304d0                hwint03
                0x00000000c0030500                hwint04
                0x00000000c0030530                hwint05
                0x00000000c0030560                hwint06
                0x00000000c0030590                hwint07
                0x00000000c00305c0                hwint08
                0x00000000c00305f0                hwint09
                0x00000000c0030620                hwint10
                0x00000000c0030650                hwint11
                0x00000000c0030680                hwint12
                0x00000000c00306b0                hwint13
                0x00000000c00306e0                hwint14
                0x00000000c0030710                hwint15
                0x00000000c0030740                divide_error
                0x00000000c0030768                single_step_exception
                0x00000000c0030790                nmi
                0x00000000c00307b8                breakpoint_exception
                0x00000000c00307e0                overflow
                0x00000000c0030808                bounds_check
                0x00000000c0030830                inval_opcode
                0x00000000c0030858                copr_not_available
                0x00000000c0030880                double_fault
                0x00000000c00308a6                copr_seg_overrun
                0x00000000c00308ce                inval_tss
                0x00000000c00308f4                segment_not_present
                0x00000000c003091a                stack_exception
                0x00000000c0030940                general_protection
                0x00000000c0030966                page_fault
                0x00000000c003098c                copr_error
                0x00000000c0030a4d                sched
                0x00000000c0030a9e                sys_call
                0x00000000c0030ae4                restart_restore
                0x00000000c0030aef                restart_initial
                0x00000000c0030afe                read_cr2
                0x00000000c0030b02                refresh_page_cache
                0x00000000c0030b09                halt
                0x00000000c0030b0a                get_arg
 *fill*         0x00000000c0030b1d        0x3 
 .text          0x00000000c0030b20      0x11a kernel/syscall.o
                0x00000000c0030b20                get_ticks
                0x00000000c0030b28                get_pid
                0x00000000c0030b30                kmalloc
                0x00000000c0030b3c                kmalloc_4k
                0x00000000c0030b48                malloc
                0x00000000c0030b54                malloc_4k
                0x00000000c0030b60                free
                0x00000000c0030b6c                free_4k
                0x00000000c0030b78                fork
                0x00000000c0030b80                pthread
                0x00000000c0030b8c                udisp_int
                0x00000000c0030b98                udisp_str
                0x00000000c0030ba4                exec
                0x00000000c0030bb0                yield
                0x00000000c0030bbc                sleep
                0x00000000c0030bc8                print_E
                0x00000000c0030bd4                print_F
                0x00000000c0030be0                open
                0x00000000c0030bef                close
                0x00000000c0030bfe                read
                0x00000000c0030c0d                write
                0x00000000c0030c1c                lseek
                0x00000000c0030c2b                unlink
 .text          0x00000000c0030c3a       0x95 kernel/start.o
                0x00000000c0030c3a                cstart
 .text          0x00000000c0030ccf      0x99e kernel/main.o
                0x00000000c0030ccf                kernel_main
 .text          0x00000000c003166d       0x80 kernel/clock.o
                0x00000000c003166d                clock_handler
                0x00000000c00316b3                milli_delay
 .text          0x00000000c00316ed      0x130 kernel/i8259.o
                0x00000000c00316ed                init_8259A
                0x00000000c00317c2                spurious_irq
                0x00000000c00317f9                put_irq_handler
 .text          0x00000000c003181d        0x0 kernel/global.o
 .text          0x00000000c003181d      0x6c2 kernel/protect.o
                0x00000000c003181d                init_prot
                0x00000000c0031c53                seg2phys
                0x00000000c0031d0f                exception_handler
                0x00000000c0031e69                divide_error_handler
 .text          0x00000000c0031edf      0x25a kernel/proc.o
                0x00000000c0031edf                schedule
                0x00000000c0031faa                alloc_PCB
                0x00000000c0031ff3                free_PCB
                0x00000000c0032006                sys_yield
                0x00000000c0032023                sys_sleep
                0x00000000c0032063                sys_wakeup
                0x00000000c00320ac                ldt_seg_linear
                0x00000000c00320f6                va2la
 *fill*         0x00000000c0032139        0x7 
 .text          0x00000000c0032140      0x11e lib/kliba.o
                0x00000000c0032140                disp_str
                0x00000000c003218b                disp_color_str
                0x00000000c00321ca                out_byte
                0x00000000c00321d6                in_byte
                0x00000000c00321e0                disable_irq
                0x00000000c0032215                enable_irq
                0x00000000c0032234                port_read
                0x00000000c0032247                port_write
                0x00000000c003225a                disable_int
                0x00000000c003225c                enable_int
 .text          0x00000000c003225e      0x119 lib/klib.o
                0x00000000c003225e                itoa
                0x00000000c0032309                disp_int
                0x00000000c0032330                delay
 *fill*         0x00000000c0032377        0x9 
 .text          0x00000000c0032380       0x78 lib/string.o
                0x00000000c0032380                memcpy
                0x00000000c00323a9                memset
                0x00000000c00323ca                strcpy
                0x00000000c00323e2                strlen
 .text          0x00000000c00323f8      0x1a0 kernel/syscallc.o
                0x00000000c00323f8                sys_get_ticks
                0x00000000c0032402                sys_get_pid
                0x00000000c0032412                sys_kmalloc
                0x00000000c0032428                sys_kmalloc_4k
                0x00000000c0032435                sys_malloc
                0x00000000c003248c                sys_malloc_4k
                0x00000000c00324e7                sys_free
                0x00000000c0032513                sys_free_4k
                0x00000000c003256a                sys_udisp_int
                0x00000000c0032581                sys_udisp_str
 .text          0x00000000c0032598     0x100b kernel/memman.o
                0x00000000c0032598                init
                0x00000000c0032aab                memman_init
                0x00000000c0032ad8                memman_alloc
                0x00000000c0032bf4                memman_kalloc
                0x00000000c0032d10                memman_alloc_4k
                0x00000000c0032e33                memman_kalloc_4k
                0x00000000c0032f56                memman_free
                0x00000000c00331ba                memman_free_4k
                0x00000000c00331d2                test_malloc
                0x00000000c00331e8                test_kmalloc
                0x00000000c00331fe                test_malloc_4k
                0x00000000c0033211                test_kmalloc_4k
                0x00000000c0033224                test_free
                0x00000000c003323d                test_free_4k
                0x00000000c0033253                disp_free
                0x00000000c00332cc                memman_total
                0x00000000c0033305                memman_test
 .text          0x00000000c00335a3      0x7a9 kernel/pagetbl.o
                0x00000000c00335a3                switch_pde
                0x00000000c00335b9                init_page_pte
                0x00000000c0033687                page_fault_handler
                0x00000000c00339df                get_pde_index
                0x00000000c00339ea                get_pte_index
                0x00000000c00339fa                get_pde_phy_addr
                0x00000000c0033a29                get_pte_phy_addr
                0x00000000c0033a62                get_page_phy_addr
                0x00000000c0033a9e                pte_exist
                0x00000000c0033ad4                phy_exist
                0x00000000c0033b0a                write_page_pde
                0x00000000c0033b3b                write_page_pte
                0x00000000c0033b6c                vmalloc
                0x00000000c0033be3                lin_mapping_phy
                0x00000000c0033d02                clear_kernel_pagepte_low
 .text          0x00000000c0033d4c      0x50e kernel/elf.o
                0x00000000c0033d4c                read_Ehdr
                0x00000000c0033d76                read_Phdr
                0x00000000c0033da0                read_Shdr
                0x00000000c0033dca                read_elf
                0x00000000c0033e8c                disp_Elf
 .text          0x00000000c003425a       0x66 kernel/file.o
                0x00000000c003425a                fake_open
                0x00000000c003426e                fake_read
                0x00000000c00342ae                fake_seek
 .text          0x00000000c00342c0      0x54f kernel/exec.o
                0x00000000c00342c0                sys_exec
 .text          0x00000000c003480f      0x661 kernel/fork.o
                0x00000000c003480f                sys_fork
 .text          0x00000000c0034e70      0x419 kernel/pthread.o
                0x00000000c0034e70                sys_pthread
 .text          0x00000000c0035289      0x56e kernel/ktest.o
                0x00000000c0035289                TestA
                0x00000000c0035390                TestB
                0x00000000c00354f5                TestC
                0x00000000c003565a                initial
 .text          0x00000000c00357f7       0x9a kernel/testfunc.o
                0x00000000c00357f7                sys_print_E
                0x00000000c0035844                sys_print_F
 .text          0x00000000c0035891     0x2a44 kernel/fs.o
                0x00000000c0035891                init_fs
                0x00000000c0038168                sys_open
                0x00000000c00381a3                sys_close
                0x00000000c00381c7                sys_read
                0x00000000c0038215                sys_write
                0x00000000c0038263                sys_lseek
                0x00000000c00382b1                sys_unlink
 .text          0x00000000c00382d5     0x11b3 kernel/hd.o
                0x00000000c00382d5                init_hd
                0x00000000c0038358                hd_open
                0x00000000c003842e                hd_close
                0x00000000c003848d                hd_rdwt
                0x00000000c00386c8                hd_service
                0x00000000c003894c                hd_rdwt_sched
                0x00000000c0038b0f                hd_ioctl
 *(.gnu.warning)

.fini
 *(SORT(.fini))
                [!provide]                        PROVIDE (__etext, .)
                [!provide]                        PROVIDE (_etext, .)
                [!provide]                        PROVIDE (etext, .)

.rodata         0x00000000c00394a0      0xce6
 *(.rodata .rodata.* .gnu.linkonce.r.*)
 .rodata        0x00000000c00394a0       0x47 kernel/start.o
 *fill*         0x00000000c00394e7        0x1 
 .rodata        0x00000000c00394e8       0x9c kernel/main.o
 .rodata        0x00000000c0039584       0x11 kernel/i8259.o
 *fill*         0x00000000c0039595        0xb 
 .rodata        0x00000000c00395a0      0x561 kernel/protect.o
 .rodata        0x00000000c0039b01       0x24 kernel/memman.o
 *fill*         0x00000000c0039b25        0x3 
 .rodata        0x00000000c0039b28       0xcf kernel/pagetbl.o
 .rodata        0x00000000c0039bf7       0x1f kernel/elf.o
 *fill*         0x00000000c0039c16        0x2 
 .rodata        0x00000000c0039c18       0x80 kernel/exec.o
 .rodata        0x00000000c0039c98       0x2b kernel/fork.o
 .rodata        0x00000000c0039cc3       0x34 kernel/pthread.o
 .rodata        0x00000000c0039cf7       0xf2 kernel/ktest.o
 .rodata        0x00000000c0039de9        0xb kernel/testfunc.o
 .rodata        0x00000000c0039df4      0x2ca kernel/fs.o
 .rodata        0x00000000c003a0be       0xc8 kernel/hd.o

.rodata1
 *(.rodata1)

.eh_frame_hdr
 *(.eh_frame_hdr)
 *(.eh_frame_entry .eh_frame_entry.*)

.eh_frame       0x00000000c003a188     0x13c0
 *(.eh_frame)
 .eh_frame      0x00000000c003a188       0x38 kernel/start.o
 .eh_frame      0x00000000c003a1c0       0x60 kernel/main.o
                                         0x78 (size before relaxing)
 .eh_frame      0x00000000c003a220       0x40 kernel/clock.o
                                         0x58 (size before relaxing)
 .eh_frame      0x00000000c003a260       0x60 kernel/i8259.o
                                         0x78 (size before relaxing)
 .eh_frame      0x00000000c003a2c0       0xd0 kernel/protect.o
                                         0xe8 (size before relaxing)
 .eh_frame      0x00000000c003a390      0x100 kernel/proc.o
                                        0x118 (size before relaxing)
 .eh_frame      0x00000000c003a490       0x60 lib/klib.o
                                         0x78 (size before relaxing)
 .eh_frame      0x00000000c003a4f0      0x140 kernel/syscallc.o
                                        0x158 (size before relaxing)
 .eh_frame      0x00000000c003a630      0x254 kernel/memman.o
                                        0x26c (size before relaxing)
 .eh_frame      0x00000000c003a884      0x1e0 kernel/pagetbl.o
                                        0x1f8 (size before relaxing)
 .eh_frame      0x00000000c003aa64       0xa0 kernel/elf.o
                                         0xb8 (size before relaxing)
 .eh_frame      0x00000000c003ab04       0x60 kernel/file.o
                                         0x78 (size before relaxing)
 .eh_frame      0x00000000c003ab64       0x84 kernel/exec.o
                                         0x9c (size before relaxing)
 .eh_frame      0x00000000c003abe8       0x90 kernel/fork.o
                                         0xa8 (size before relaxing)
 .eh_frame      0x00000000c003ac78       0xb0 kernel/pthread.o
                                         0xc8 (size before relaxing)
 .eh_frame      0x00000000c003ad28       0x70 kernel/ktest.o
                                         0x88 (size before relaxing)
 .eh_frame      0x00000000c003ad98       0x40 kernel/testfunc.o
                                         0x58 (size before relaxing)
 .eh_frame      0x00000000c003add8      0x4d4 kernel/fs.o
                                        0x4ec (size before relaxing)
 .eh_frame      0x00000000c003b2ac      0x29c kernel/hd.o
                                        0x2b4 (size before relaxing)
 *(.eh_frame.*)

.gcc_except_table
 *(.gcc_except_table .gcc_except_table.*)

.gnu_extab
 *(.gnu_extab*)

.exception_ranges
 *(.exception_ranges .exception_ranges*)
                0x00000000c003c548                . = DATA_SEGMENT_ALIGN (0x1000, 0x1000)

.eh_frame
 *(.eh_frame)
 *(.eh_frame.*)

.gnu_extab
 *(.gnu_extab)

.gcc_except_table
 *(.gcc_except_table .gcc_except_table.*)

.exception_ranges
 *(.exception_ranges .exception_ranges*)

.tdata
 *(.tdata .tdata.* .gnu.linkonce.td.*)

.tbss
 *(.tbss .tbss.* .gnu.linkonce.tb.*)
 *(.tcommon)

.preinit_array  0x00000000c003c548        0x0
                [!provide]                        PROVIDE (__preinit_array_start, .)
 *(.preinit_array)
                [!provide]                        PROVIDE (__preinit_array_end, .)

.init_array     0x00000000c003c548        0x0
                [!provide]                        PROVIDE (__init_array_start, .)
 *(SORT(.init_array.*) SORT(.ctors.*))
 *(.init_array EXCLUDE_FILE(*crtend?.o *crtend.o *crtbegin?.o *crtbegin.o) .ctors)
                [!provide]                        PROVIDE (__init_array_end, .)

.fini_array     0x00000000c003c548        0x0
                [!provide]                        PROVIDE (__fini_array_start, .)
 *(SORT(.fini_array.*) SORT(.dtors.*))
 *(.fini_array EXCLUDE_FILE(*crtend?.o *crtend.o *crtbegin?.o *crtbegin.o) .dtors)
                [!provide]                        PROVIDE (__fini_array_end, .)

.ctors
 *crtbegin.o(.ctors)
 *crtbegin?.o(.ctors)
 *(EXCLUDE_FILE(*crtend?.o *crtend.o) .ctors)
 *(SORT(.ctors.*))
 *(.ctors)

.dtors
 *crtbegin.o(.dtors)
 *crtbegin?.o(.dtors)
 *(EXCLUDE_FILE(*crtend?.o *crtend.o) .dtors)
 *(SORT(.dtors.*))
 *(.dtors)

.jcr
 *(.jcr)

.data.rel.ro
 *(.data.rel.ro.local* .gnu.linkonce.d.rel.ro.local.*)
 *(.data.rel.ro .data.rel.ro.* .gnu.linkonce.d.rel.ro.*)

.dynamic
 *(.dynamic)

.got
 *(.got)
 *(.igot)
                0x00000000c003c548                . = DATA_SEGMENT_RELRO_END (., (SIZEOF (.got.plt) >= 0xc)?0xc:0x0)

.got.plt        0x00000000c003c548        0x0
 *(.got.plt)
 *(.igot.plt)
 .igot.plt      0x00000000c003c548        0x0 kernel/kernel.o

.data           0x00000000c003c560      0x120
 *(.data .data.* .gnu.linkonce.d.*)
 .data          0x00000000c003c560        0x2 kernel/kernel.o
 .data          0x00000000c003c562        0x0 kernel/start.o
 .data          0x00000000c003c562        0x0 kernel/main.o
 .data          0x00000000c003c562        0x0 kernel/clock.o
 .data          0x00000000c003c562        0x0 kernel/i8259.o
 *fill*         0x00000000c003c562       0x1e 
 .data          0x00000000c003c580       0xfc kernel/global.o
                0x00000000c003c580                task_table
                0x00000000c003c620                sys_call_table
 .data          0x00000000c003c67c        0x0 kernel/protect.o
 .data          0x00000000c003c67c        0x0 kernel/proc.o
 .data          0x00000000c003c67c        0x0 lib/klib.o
 .data          0x00000000c003c67c        0x0 kernel/syscallc.o
 .data          0x00000000c003c67c        0x4 kernel/memman.o
                0x00000000c003c67c                memman
 .data          0x00000000c003c680        0x0 kernel/pagetbl.o
 .data          0x00000000c003c680        0x0 kernel/elf.o
 .data          0x00000000c003c680        0x0 kernel/file.o
 .data          0x00000000c003c680        0x0 kernel/exec.o
 .data          0x00000000c003c680        0x0 kernel/fork.o
 .data          0x00000000c003c680        0x0 kernel/pthread.o
 .data          0x00000000c003c680        0x0 kernel/ktest.o
 .data          0x00000000c003c680        0x0 kernel/testfunc.o
 .data          0x00000000c003c680        0x0 kernel/fs.o
 .data          0x00000000c003c680        0x0 kernel/hd.o

.data1
 *(.data1)
                0x00000000c003c680                _edata = .
                [!provide]                        PROVIDE (edata, .)
                0x00000000c003c680                . = .
                0x00000000c003c680                __bss_start = .

.bss            0x00000000c003c680    0x257a4
 *(.dynbss)
 *(.bss .bss.* .gnu.linkonce.b.*)
 .bss           0x00000000c003c680     0x1000 kernel/kernel.o
 .bss           0x00000000c003d680        0x0 kernel/start.o
 .bss           0x00000000c003d680        0x0 kernel/main.o
 .bss           0x00000000c003d680        0x0 kernel/clock.o
 .bss           0x00000000c003d680        0x0 kernel/i8259.o
 .bss           0x00000000c003d680        0x0 kernel/global.o
 .bss           0x00000000c003d680        0x0 kernel/protect.o
 .bss           0x00000000c003d680        0x0 kernel/proc.o
 .bss           0x00000000c003d680        0x0 lib/klib.o
 .bss           0x00000000c003d680        0x4 kernel/syscallc.o
                0x00000000c003d680                memarg
 *fill*         0x00000000c003d684       0x1c 
 .bss           0x00000000c003d6a0      0x400 kernel/memman.o
                0x00000000c003d6a0                MemInfo
 .bss           0x00000000c003daa0        0x4 kernel/pagetbl.o
                0x00000000c003daa0                cr2_count
 .bss           0x00000000c003daa4        0x0 kernel/elf.o
 .bss           0x00000000c003daa4        0x4 kernel/file.o
 .bss           0x00000000c003daa8        0x0 kernel/exec.o
 .bss           0x00000000c003daa8        0x0 kernel/fork.o
 .bss           0x00000000c003daa8        0x0 kernel/pthread.o
 .bss           0x00000000c003daa8        0x0 kernel/ktest.o
 .bss           0x00000000c003daa8        0x0 kernel/testfunc.o
 *fill*         0x00000000c003daa8       0x18 
 .bss           0x00000000c003dac0     0x1000 kernel/fs.o
 .bss           0x00000000c003eac0      0x64c kernel/hd.o
 *(COMMON)
 COMMON         0x00000000c003f10c       0x10 kernel/main.o
                0x00000000c003f10c                PARTITION_ENTRY
 *fill*         0x00000000c003f11c        0x4 
 COMMON         0x00000000c003f120    0x1ad20 kernel/global.o
                0x00000000c003f120                idt_ptr
                0x00000000c003f128                k_reenter
                0x00000000c003f140                gdt
                0x00000000c003f540                cpu_table
                0x00000000c0041540                tss
                0x00000000c00415a8                p_proc_current
                0x00000000c00415ac                cr3_ready
                0x00000000c00415b0                p_proc_next
                0x00000000c00415b4                disp_pos
                0x00000000c00415b8                gdt_ptr
                0x00000000c00415c0                idt
                0x00000000c0041dc0                kernel_initial
                0x00000000c0041dc4                ticks
                0x00000000c0041de0                irq_table
                0x00000000c0041e20                u_proc_sum
                0x00000000c0041e40                proc_table
 COMMON         0x00000000c0059e40     0x7fe0 kernel/memman.o
                0x00000000c0059e40                s_memman
 COMMON         0x00000000c0061e20        0x4 kernel/pagetbl.o
                0x00000000c0061e20                cr2_save
                0x00000000c0061e24                . = ALIGN ((. != 0x0)?0x4:0x1)
                0x00000000c0061e24                . = ALIGN (0x4)
                0x00000000c0061e24                . = SEGMENT_START ("ldata-segment", .)
                0x00000000c0061e24                . = ALIGN (0x4)
                0x00000000c0061e24                _end = .
                [!provide]                        PROVIDE (end, .)
                0x00000000c0061e24                . = DATA_SEGMENT_END (.)

.stab
 *(.stab)

.stabstr
 *(.stabstr)

.stab.excl
 *(.stab.excl)

.stab.exclstr
 *(.stab.exclstr)

.stab.index
 *(.stab.index)

.stab.indexstr
 *(.stab.indexstr)

.comment        0x0000000000000000       0x34
 *(.comment)
 .comment       0x0000000000000000       0x34 kernel/start.o
                                         0x35 (size before relaxing)
 .comment       0x0000000000000034       0x35 kernel/main.o
 .comment       0x0000000000000034       0x35 kernel/clock.o
 .comment       0x0000000000000034       0x35 kernel/i8259.o
 .comment       0x0000000000000034       0x35 kernel/global.o
 .comment       0x0000000000000034       0x35 kernel/protect.o
 .comment       0x0000000000000034       0x35 kernel/proc.o
 .comment       0x0000000000000034       0x35 lib/klib.o
 .comment       0x0000000000000034       0x35 kernel/syscallc.o
 .comment       0x0000000000000034       0x35 kernel/memman.o
 .comment       0x0000000000000034       0x35 kernel/pagetbl.o
 .comment       0x0000000000000034       0x35 kernel/elf.o
 .comment       0x0000000000000034       0x35 kernel/file.o
 .comment       0x0000000000000034       0x35 kernel/exec.o
 .comment       0x0000000000000034       0x35 kernel/fork.o
 .comment       0x0000000000000034       0x35 kernel/pthread.o
 .comment       0x0000000000000034       0x35 kernel/ktest.o
 .comment       0x0000000000000034       0x35 kernel/testfunc.o
 .comment       0x0000000000000034       0x35 kernel/fs.o
 .comment       0x0000000000000034       0x35 kernel/hd.o

.debug
 *(.debug)

.line
 *(.line)

.debug_srcinfo
 *(.debug_srcinfo)

.debug_sfnames
 *(.debug_sfnames)

.debug_aranges
 *(.debug_aranges)

.debug_pubnames
 *(.debug_pubnames)

.debug_info
 *(.debug_info .gnu.linkonce.wi.*)

.debug_abbrev
 *(.debug_abbrev)

.debug_line
 *(.debug_line .debug_line.* .debug_line_end)

.debug_frame
 *(.debug_frame)

.debug_str
 *(.debug_str)

.debug_loc
 *(.debug_loc)

.debug_macinfo
 *(.debug_macinfo)

.debug_weaknames
 *(.debug_weaknames)

.debug_funcnames
 *(.debug_funcnames)

.debug_typenames
 *(.debug_typenames)

.debug_varnames
 *(.debug_varnames)

.debug_pubtypes
 *(.debug_pubtypes)

.debug_ranges
 *(.debug_ranges)

.debug_macro
 *(.debug_macro)

.gnu.attributes
 *(.gnu.attributes)

/DISCARD/
 *(.note.GNU-stack)
 *(.gnu_debuglink)
 *(.gnu.lto_*)
OUTPUT(kernel.bin elf32-i386)
