
Allocating common symbols
Common symbol       size              file

idt_ptr             0x6               kernel/global.o
s_memman            0x7fe0            kernel/memman.o
inode_table         0xb00             kernel/global.o
k_reenter           0x4               kernel/global.o
gdt                 0x400             kernel/global.o
pcaller             0x4               kernel/global.o
cpu_table           0x2000            kernel/global.o
tss                 0x68              kernel/global.o
fs_msg              0x30              kernel/global.o
p_proc_current      0x4               kernel/global.o
cr3_ready           0x4               kernel/global.o
f_desc_table        0x300             kernel/global.o
fsbuf               0x4               kernel/global.o
p_proc_next         0x4               kernel/global.o
root_inode          0x4               kernel/global.o
disp_pos            0x4               kernel/global.o
gdt_ptr             0x6               kernel/global.o
idt                 0x800             kernel/global.o
kernel_initial      0x4               kernel/global.o
super_block         0x1e0             kernel/global.o
PARTITION_ENTRY     0x10              kernel/main.o
ticks               0x4               kernel/global.o
irq_table           0x40              kernel/global.o
u_proc_sum          0x4               kernel/global.o
proc_table          0x18000           kernel/global.o
cr2_save            0x4               kernel/pagetbl.o

Discarded input sections

 .debug_info    0x0000000000000000      0x1e1 kernel/start.o
 .debug_abbrev  0x0000000000000000       0xc6 kernel/start.o
 .debug_aranges
                0x0000000000000000       0x20 kernel/start.o
 .debug_line    0x0000000000000000       0x7a kernel/start.o
 .debug_str     0x0000000000000000      0x1a3 kernel/start.o
 .note.GNU-stack
                0x0000000000000000        0x0 kernel/start.o
 .debug_info    0x0000000000000000      0x842 kernel/main.o
 .debug_abbrev  0x0000000000000000      0x1d2 kernel/main.o
 .debug_aranges
                0x0000000000000000       0x20 kernel/main.o
 .debug_line    0x0000000000000000      0x302 kernel/main.o
 .debug_str     0x0000000000000000      0x5a1 kernel/main.o
 .note.GNU-stack
                0x0000000000000000        0x0 kernel/main.o
 .debug_info    0x0000000000000000      0x521 kernel/clock.o
 .debug_abbrev  0x0000000000000000      0x160 kernel/clock.o
 .debug_aranges
                0x0000000000000000       0x20 kernel/clock.o
 .debug_line    0x0000000000000000       0x8a kernel/clock.o
 .debug_str     0x0000000000000000      0x3d3 kernel/clock.o
 .note.GNU-stack
                0x0000000000000000        0x0 kernel/clock.o
 .debug_info    0x0000000000000000      0x10e kernel/i8259.o
 .debug_abbrev  0x0000000000000000       0xe4 kernel/i8259.o
 .debug_aranges
                0x0000000000000000       0x20 kernel/i8259.o
 .debug_line    0x0000000000000000       0x88 kernel/i8259.o
 .debug_str     0x0000000000000000      0x120 kernel/i8259.o
 .note.GNU-stack
                0x0000000000000000        0x0 kernel/i8259.o
 .debug_info    0x0000000000000000      0xbf7 kernel/global.o
 .debug_abbrev  0x0000000000000000      0x160 kernel/global.o
 .debug_aranges
                0x0000000000000000       0x18 kernel/global.o
 .debug_line    0x0000000000000000       0x7a kernel/global.o
 .debug_str     0x0000000000000000      0x6a1 kernel/global.o
 .note.GNU-stack
                0x0000000000000000        0x0 kernel/global.o
 .debug_info    0x0000000000000000      0x8d2 kernel/protect.o
 .debug_abbrev  0x0000000000000000      0x201 kernel/protect.o
 .debug_aranges
                0x0000000000000000       0x20 kernel/protect.o
 .debug_line    0x0000000000000000      0x13a kernel/protect.o
 .debug_str     0x0000000000000000      0x505 kernel/protect.o
 .note.GNU-stack
                0x0000000000000000        0x0 kernel/protect.o
 .debug_info    0x0000000000000000      0x685 kernel/proc.o
 .debug_abbrev  0x0000000000000000      0x20e kernel/proc.o
 .debug_aranges
                0x0000000000000000       0x20 kernel/proc.o
 .debug_line    0x0000000000000000      0x10a kernel/proc.o
 .debug_str     0x0000000000000000      0x434 kernel/proc.o
 .note.GNU-stack
                0x0000000000000000        0x0 kernel/proc.o
 .debug_info    0x0000000000000000      0x14c lib/klib.o
 .debug_abbrev  0x0000000000000000       0xcf lib/klib.o
 .debug_aranges
                0x0000000000000000       0x20 lib/klib.o
 .debug_line    0x0000000000000000       0x90 lib/klib.o
 .debug_str     0x0000000000000000       0xf8 lib/klib.o
 .note.GNU-stack
                0x0000000000000000        0x0 lib/klib.o
 .debug_info    0x0000000000000000      0x70d kernel/syscallc.o
 .debug_abbrev  0x0000000000000000      0x1e2 kernel/syscallc.o
 .debug_aranges
                0x0000000000000000       0x20 kernel/syscallc.o
 .debug_line    0x0000000000000000       0xd2 kernel/syscallc.o
 .debug_str     0x0000000000000000      0x4ac kernel/syscallc.o
 .note.GNU-stack
                0x0000000000000000        0x0 kernel/syscallc.o
 .debug_info    0x0000000000000000      0x591 kernel/memman.o
 .debug_abbrev  0x0000000000000000      0x1e2 kernel/memman.o
 .debug_aranges
                0x0000000000000000       0x20 kernel/memman.o
 .debug_line    0x0000000000000000      0x334 kernel/memman.o
 .debug_str     0x0000000000000000      0x213 kernel/memman.o
 .note.GNU-stack
                0x0000000000000000        0x0 kernel/memman.o
 .debug_info    0x0000000000000000      0x996 kernel/pagetbl.o
 .debug_abbrev  0x0000000000000000      0x2c5 kernel/pagetbl.o
 .debug_aranges
                0x0000000000000000       0x20 kernel/pagetbl.o
 .debug_line    0x0000000000000000      0x158 kernel/pagetbl.o
 .debug_str     0x0000000000000000      0x5b2 kernel/pagetbl.o
 .note.GNU-stack
                0x0000000000000000        0x0 kernel/pagetbl.o
 .debug_info    0x0000000000000000      0x435 kernel/elf.o
 .debug_abbrev  0x0000000000000000      0x11b kernel/elf.o
 .debug_aranges
                0x0000000000000000       0x20 kernel/elf.o
 .debug_line    0x0000000000000000      0x14c kernel/elf.o
 .debug_str     0x0000000000000000      0x296 kernel/elf.o
 .note.GNU-stack
                0x0000000000000000        0x0 kernel/elf.o
 .debug_info    0x0000000000000000      0x12a kernel/file.o
 .debug_abbrev  0x0000000000000000       0xac kernel/file.o
 .debug_aranges
                0x0000000000000000       0x20 kernel/file.o
 .debug_line    0x0000000000000000       0x5d kernel/file.o
 .debug_str     0x0000000000000000      0x116 kernel/file.o
 .note.GNU-stack
                0x0000000000000000        0x0 kernel/file.o
 .debug_info    0x0000000000000000      0x89f kernel/exec.o
 .debug_abbrev  0x0000000000000000      0x1de kernel/exec.o
 .debug_aranges
                0x0000000000000000       0x20 kernel/exec.o
 .debug_line    0x0000000000000000      0x12b kernel/exec.o
 .debug_str     0x0000000000000000      0x5b4 kernel/exec.o
 .note.GNU-stack
                0x0000000000000000        0x0 kernel/exec.o
 .debug_info    0x0000000000000000      0x5ee kernel/fork.o
 .debug_abbrev  0x0000000000000000      0x1a3 kernel/fork.o
 .debug_aranges
                0x0000000000000000       0x20 kernel/fork.o
 .debug_line    0x0000000000000000      0x1a4 kernel/fork.o
 .debug_str     0x0000000000000000      0x40c kernel/fork.o
 .note.GNU-stack
                0x0000000000000000        0x0 kernel/fork.o
 .debug_info    0x0000000000000000      0x687 kernel/pthread.o
 .debug_abbrev  0x0000000000000000      0x1b1 kernel/pthread.o
 .debug_aranges
                0x0000000000000000       0x20 kernel/pthread.o
 .debug_line    0x0000000000000000       0xee kernel/pthread.o
 .debug_str     0x0000000000000000      0x44a kernel/pthread.o
 .note.GNU-stack
                0x0000000000000000        0x0 kernel/pthread.o
 .debug_info    0x0000000000000000      0x1dd kernel/ktest.o
 .debug_abbrev  0x0000000000000000       0xc0 kernel/ktest.o
 .debug_aranges
                0x0000000000000000       0x20 kernel/ktest.o
 .debug_line    0x0000000000000000       0x8f kernel/ktest.o
 .debug_str     0x0000000000000000      0x172 kernel/ktest.o
 .note.GNU-stack
                0x0000000000000000        0x0 kernel/ktest.o
 .debug_info    0x0000000000000000       0xaf kernel/testfunc.o
 .debug_abbrev  0x0000000000000000       0x67 kernel/testfunc.o
 .debug_aranges
                0x0000000000000000       0x20 kernel/testfunc.o
 .debug_line    0x0000000000000000       0x5a kernel/testfunc.o
 .debug_str     0x0000000000000000       0xec kernel/testfunc.o
 .note.GNU-stack
                0x0000000000000000        0x0 kernel/testfunc.o
 .debug_info    0x0000000000000000     0x19ab kernel/fs.o
 .debug_abbrev  0x0000000000000000      0x307 kernel/fs.o
 .debug_aranges
                0x0000000000000000       0x20 kernel/fs.o
 .debug_line    0x0000000000000000      0x681 kernel/fs.o
 .debug_str     0x0000000000000000      0x98a kernel/fs.o
 .note.GNU-stack
                0x0000000000000000        0x0 kernel/fs.o
 .debug_info    0x0000000000000000      0xeb4 kernel/hd.o
 .debug_abbrev  0x0000000000000000      0x2f6 kernel/hd.o
 .debug_aranges
                0x0000000000000000       0x20 kernel/hd.o
 .debug_ranges  0x0000000000000000       0x30 kernel/hd.o
 .debug_line    0x0000000000000000      0x357 kernel/hd.o
 .debug_str     0x0000000000000000      0x786 kernel/hd.o
 .note.GNU-stack
                0x0000000000000000        0x0 kernel/hd.o

Memory Configuration

Name             Origin             Length             Attributes
*default*        0x0000000000000000 0xffffffffffffffff

Linker script and memory map

Address of section .text set to 0xc0030400
LOAD kernel/kernel.o
LOAD kernel/syscall.o
LOAD kernel/start.o
LOAD kernel/main.o
LOAD kernel/clock.o
LOAD kernel/i8259.o
LOAD kernel/global.o
LOAD kernel/protect.o
LOAD kernel/proc.o
LOAD lib/kliba.o
LOAD lib/klib.o
LOAD lib/string.o
LOAD kernel/syscallc.o
LOAD kernel/memman.o
LOAD kernel/pagetbl.o
LOAD kernel/elf.o
LOAD kernel/file.o
LOAD kernel/exec.o
LOAD kernel/fork.o
LOAD kernel/pthread.o
LOAD kernel/ktest.o
LOAD kernel/testfunc.o
LOAD kernel/fs.o
LOAD kernel/hd.o
                [!provide]                        PROVIDE (__executable_start, 0x8048000)
                0x0000000008048094                . = (0x8048000 + SIZEOF_HEADERS)

.interp
 *(.interp)

.note.gnu.build-id
 *(.note.gnu.build-id)

.hash
 *(.hash)

.gnu.hash
 *(.gnu.hash)

.dynsym
 *(.dynsym)

.dynstr
 *(.dynstr)

.gnu.version
 *(.gnu.version)

.gnu.version_d
 *(.gnu.version_d)

.gnu.version_r
 *(.gnu.version_r)

.rel.dyn        0x0000000008048094        0x0
 *(.rel.init)
 *(.rel.text .rel.text.* .rel.gnu.linkonce.t.*)
 .rel.text      0x0000000008048094        0x0 kernel/kernel.o
 *(.rel.fini)
 *(.rel.rodata .rel.rodata.* .rel.gnu.linkonce.r.*)
 *(.rel.data.rel.ro .rel.data.rel.ro.* .rel.gnu.linkonce.d.rel.ro.*)
 *(.rel.data .rel.data.* .rel.gnu.linkonce.d.*)
 .rel.data      0x0000000008048094        0x0 kernel/kernel.o
 *(.rel.tdata .rel.tdata.* .rel.gnu.linkonce.td.*)
 *(.rel.tbss .rel.tbss.* .rel.gnu.linkonce.tb.*)
 *(.rel.ctors)
 *(.rel.dtors)
 *(.rel.got)
 *(.rel.bss .rel.bss.* .rel.gnu.linkonce.b.*)
 *(.rel.ifunc)

.rel.plt        0x0000000008048094        0x0
 *(.rel.plt)
                [!provide]                        PROVIDE (__rel_iplt_start, .)
 *(.rel.iplt)
 .rel.iplt      0x0000000008048094        0x0 kernel/kernel.o
                [!provide]                        PROVIDE (__rel_iplt_end, .)

.init
 *(SORT(.init))

.plt            0x00000000080480a0        0x0
 *(.plt)
 *(.iplt)
 .iplt          0x00000000080480a0        0x0 kernel/kernel.o

.plt.got
 *(.plt.got)

.text           0x00000000c0030400     0x8277
 *(.text.unlikely .text.*_unlikely .text.unlikely.*)
 *(.text.exit .text.exit.*)
 *(.text.startup .text.startup.*)
 *(.text.hot .text.hot.*)
 *(.text .stub .text.* .gnu.linkonce.t.*)
 .text          0x00000000c0030400      0x50f kernel/kernel.o
                0x00000000c0030400                _start
                0x00000000c0030440                hwint00
                0x00000000c0030470                hwint01
                0x00000000c00304a0                hwint02
                0x00000000c00304d0                hwint03
                0x00000000c0030500                hwint04
                0x00000000c0030530                hwint05
                0x00000000c0030560                hwint06
                0x00000000c0030590                hwint07
                0x00000000c00305c0                hwint08
                0x00000000c00305f0                hwint09
                0x00000000c0030620                hwint10
                0x00000000c0030650                hwint11
                0x00000000c0030680                hwint12
                0x00000000c00306b0                hwint13
                0x00000000c00306e0                hwint14
                0x00000000c0030710                hwint15
                0x00000000c0030740                divide_error
                0x00000000c0030749                single_step_exception
                0x00000000c003074f                nmi
                0x00000000c0030755                breakpoint_exception
                0x00000000c003075b                overflow
                0x00000000c0030761                bounds_check
                0x00000000c0030767                inval_opcode
                0x00000000c003076d                copr_not_available
                0x00000000c0030773                double_fault
                0x00000000c0030777                copr_seg_overrun
                0x00000000c003077d                inval_tss
                0x00000000c0030781                segment_not_present
                0x00000000c0030785                stack_exception
                0x00000000c0030789                general_protection
                0x00000000c003078d                page_fault
                0x00000000c00307c6                copr_error
                0x00000000c003083e                sched
                0x00000000c0030890                sys_call
                0x00000000c00308d6                restart_restore
                0x00000000c00308e1                restart_initial
                0x00000000c00308f0                read_cr2
                0x00000000c00308f4                refresh_page_cache
                0x00000000c00308fb                halt
                0x00000000c00308fc                get_arg
 *fill*         0x00000000c003090f        0x1 
 .text          0x00000000c0030910      0x11a kernel/syscall.o
                0x00000000c0030910                get_ticks
                0x00000000c0030918                get_pid
                0x00000000c0030920                kmalloc
                0x00000000c003092c                kmalloc_4k
                0x00000000c0030938                malloc
                0x00000000c0030944                malloc_4k
                0x00000000c0030950                free
                0x00000000c003095c                free_4k
                0x00000000c0030968                fork
                0x00000000c0030970                pthread
                0x00000000c003097c                udisp_int
                0x00000000c0030988                udisp_str
                0x00000000c0030994                exec
                0x00000000c00309a0                yield
                0x00000000c00309ac                sleep
                0x00000000c00309b8                print_E
                0x00000000c00309c4                print_F
                0x00000000c00309d0                open
                0x00000000c00309df                close
                0x00000000c00309ee                read
                0x00000000c00309fd                write
                0x00000000c0030a0c                lseek
                0x00000000c0030a1b                unlink
 .text          0x00000000c0030a2a       0x95 kernel/start.o
                0x00000000c0030a2a                cstart
 .text          0x00000000c0030abf      0x9a4 kernel/main.o
                0x00000000c0030abf                kernel_main
 .text          0x00000000c0031463       0x80 kernel/clock.o
                0x00000000c0031463                clock_handler
                0x00000000c00314a9                milli_delay
 .text          0x00000000c00314e3      0x130 kernel/i8259.o
                0x00000000c00314e3                init_8259A
                0x00000000c00315b8                spurious_irq
                0x00000000c00315ef                put_irq_handler
 .text          0x00000000c0031613        0x0 kernel/global.o
 .text          0x00000000c0031613      0x62d kernel/protect.o
                0x00000000c0031613                init_prot
                0x00000000c0031a49                seg2phys
                0x00000000c0031b05                exception_handler
 .text          0x00000000c0031c40      0x25a kernel/proc.o
                0x00000000c0031c40                schedule
                0x00000000c0031d0b                alloc_PCB
                0x00000000c0031d54                free_PCB
                0x00000000c0031d67                sys_yield
                0x00000000c0031d84                sys_sleep
                0x00000000c0031dc4                sys_wakeup
                0x00000000c0031e0d                ldt_seg_linear
                0x00000000c0031e57                va2la
 *fill*         0x00000000c0031e9a        0x6 
 .text          0x00000000c0031ea0      0x11e lib/kliba.o
                0x00000000c0031ea0                disp_str
                0x00000000c0031eeb                disp_color_str
                0x00000000c0031f2a                out_byte
                0x00000000c0031f36                in_byte
                0x00000000c0031f40                disable_irq
                0x00000000c0031f75                enable_irq
                0x00000000c0031f94                port_read
                0x00000000c0031fa7                port_write
                0x00000000c0031fba                disable_int
                0x00000000c0031fbc                enable_int
 .text          0x00000000c0031fbe      0x119 lib/klib.o
                0x00000000c0031fbe                itoa
                0x00000000c0032069                disp_int
                0x00000000c0032090                delay
 *fill*         0x00000000c00320d7        0x9 
 .text          0x00000000c00320e0       0x78 lib/string.o
                0x00000000c00320e0                memcpy
                0x00000000c0032109                memset
                0x00000000c003212a                strcpy
                0x00000000c0032142                strlen
 .text          0x00000000c0032158      0x1a0 kernel/syscallc.o
                0x00000000c0032158                sys_get_ticks
                0x00000000c0032162                sys_get_pid
                0x00000000c0032172                sys_kmalloc
                0x00000000c0032188                sys_kmalloc_4k
                0x00000000c0032195                sys_malloc
                0x00000000c00321ec                sys_malloc_4k
                0x00000000c0032247                sys_free
                0x00000000c0032273                sys_free_4k
                0x00000000c00322ca                sys_udisp_int
                0x00000000c00322e1                sys_udisp_str
 .text          0x00000000c00322f8     0x100b kernel/memman.o
                0x00000000c00322f8                init
                0x00000000c003280b                memman_init
                0x00000000c0032838                memman_alloc
                0x00000000c0032954                memman_kalloc
                0x00000000c0032a70                memman_alloc_4k
                0x00000000c0032b93                memman_kalloc_4k
                0x00000000c0032cb6                memman_free
                0x00000000c0032f1a                memman_free_4k
                0x00000000c0032f32                test_malloc
                0x00000000c0032f48                test_kmalloc
                0x00000000c0032f5e                test_malloc_4k
                0x00000000c0032f71                test_kmalloc_4k
                0x00000000c0032f84                test_free
                0x00000000c0032f9d                test_free_4k
                0x00000000c0032fb3                disp_free
                0x00000000c003302c                memman_total
                0x00000000c0033065                memman_test
 .text          0x00000000c0033303      0x7a9 kernel/pagetbl.o
                0x00000000c0033303                switch_pde
                0x00000000c0033319                init_page_pte
                0x00000000c00333e7                page_fault_handler
                0x00000000c003373f                get_pde_index
                0x00000000c003374a                get_pte_index
                0x00000000c003375a                get_pde_phy_addr
                0x00000000c0033789                get_pte_phy_addr
                0x00000000c00337c2                get_page_phy_addr
                0x00000000c00337fe                pte_exist
                0x00000000c0033834                phy_exist
                0x00000000c003386a                write_page_pde
                0x00000000c003389b                write_page_pte
                0x00000000c00338cc                vmalloc
                0x00000000c0033943                lin_mapping_phy
                0x00000000c0033a62                clear_kernel_pagepte_low
 .text          0x00000000c0033aac      0x50e kernel/elf.o
                0x00000000c0033aac                read_Ehdr
                0x00000000c0033ad6                read_Phdr
                0x00000000c0033b00                read_Shdr
                0x00000000c0033b2a                read_elf
                0x00000000c0033bec                disp_Elf
 .text          0x00000000c0033fba       0x66 kernel/file.o
                0x00000000c0033fba                fake_open
                0x00000000c0033fce                fake_read
                0x00000000c003400e                fake_seek
 .text          0x00000000c0034020      0x54f kernel/exec.o
                0x00000000c0034020                sys_exec
 .text          0x00000000c003456f      0x661 kernel/fork.o
                0x00000000c003456f                sys_fork
 .text          0x00000000c0034bd0      0x419 kernel/pthread.o
                0x00000000c0034bd0                sys_pthread
 .text          0x00000000c0034fe9       0x87 kernel/ktest.o
                0x00000000c0034fe9                TestA
                0x00000000c003500e                TestB
                0x00000000c0035033                TestC
                0x00000000c0035058                initial
 .text          0x00000000c0035070       0x9a kernel/testfunc.o
                0x00000000c0035070                sys_print_E
                0x00000000c00350bd                sys_print_F
 .text          0x00000000c003510a     0x280b kernel/fs.o
                0x00000000c003510a                init_fs
                0x00000000c0035257                mkfs
                0x00000000c00358f1                rw_sector_zcr
                0x00000000c0035947                rw_sector
                0x00000000c003598e                real_open
                0x00000000c00359f0                do_open
                0x00000000c0035e02                memcmp
                0x00000000c0035e78                strcmp
                0x00000000c0035eeb                search_file
                0x00000000c0036055                strip_path
                0x00000000c0036213                get_super_block
                0x00000000c0036246                get_inode
                0x00000000c00363bb                put_inode
                0x00000000c00363d0                sync_inode
                0x00000000c0036a38                real_close
                0x00000000c0036a4e                do_close
                0x00000000c0036a99                real_read
                0x00000000c0036acd                real_write
                0x00000000c0036b01                do_rdwt
                0x00000000c0036ea8                real_unlink
                0x00000000c0036eda                do_unlink
                0x00000000c00376d6                real_lseek
                0x00000000c00376fb                do_lseek
                0x00000000c00377a8                sys_open
                0x00000000c00377e3                sys_close
                0x00000000c0037807                sys_read
                0x00000000c0037855                sys_write
                0x00000000c00378a3                sys_lseek
                0x00000000c00378f1                sys_unlink
 .text          0x00000000c0037915      0xd62 kernel/hd.o
                0x00000000c0037915                init_hd
                0x00000000c0037988                hd_open
                0x00000000c0037a5e                hd_close
                0x00000000c0037abd                hd_rdwt
                0x00000000c0037cfe                hd_ioctl
                0x00000000c0038074                print_hdinfo
                0x00000000c00381eb                hd_identify
                0x00000000c003828e                print_identify_info
                0x00000000c00384bf                hd_cmd_out
                0x00000000c00385c1                interrupt_wait
                0x00000000c00385db                waitfor
                0x00000000c003863c                hd_handler
                0x00000000c0038667                inform_int
 *(.gnu.warning)

.fini
 *(SORT(.fini))
                [!provide]                        PROVIDE (__etext, .)
                [!provide]                        PROVIDE (_etext, .)
                [!provide]                        PROVIDE (etext, .)

.rodata         0x00000000c0038680      0xbea
 *(.rodata .rodata.* .gnu.linkonce.r.*)
 .rodata        0x00000000c0038680       0x47 kernel/start.o
 *fill*         0x00000000c00386c7        0x1 
 .rodata        0x00000000c00386c8       0x9c kernel/main.o
 .rodata        0x00000000c0038764       0x11 kernel/i8259.o
 *fill*         0x00000000c0038775        0xb 
 .rodata        0x00000000c0038780      0x540 kernel/protect.o
 .rodata        0x00000000c0038cc0       0x24 kernel/memman.o
 .rodata        0x00000000c0038ce4       0xcf kernel/pagetbl.o
 .rodata        0x00000000c0038db3       0x1f kernel/elf.o
 *fill*         0x00000000c0038dd2        0x2 
 .rodata        0x00000000c0038dd4       0x80 kernel/exec.o
 .rodata        0x00000000c0038e54       0x2b kernel/fork.o
 .rodata        0x00000000c0038e7f       0x34 kernel/pthread.o
 .rodata        0x00000000c0038eb3       0x17 kernel/ktest.o
 .rodata        0x00000000c0038eca        0xb kernel/testfunc.o
 *fill*         0x00000000c0038ed5        0x3 
 .rodata        0x00000000c0038ed8      0x2ca kernel/fs.o
 .rodata        0x00000000c00391a2       0xc8 kernel/hd.o

.rodata1
 *(.rodata1)

.eh_frame_hdr
 *(.eh_frame_hdr)
 *(.eh_frame_entry .eh_frame_entry.*)

.eh_frame       0x00000000c003926c     0x12d8
 *(.eh_frame)
 .eh_frame      0x00000000c003926c       0x38 kernel/start.o
 .eh_frame      0x00000000c00392a4       0x60 kernel/main.o
                                         0x78 (size before relaxing)
 .eh_frame      0x00000000c0039304       0x40 kernel/clock.o
                                         0x58 (size before relaxing)
 .eh_frame      0x00000000c0039344       0x60 kernel/i8259.o
                                         0x78 (size before relaxing)
 .eh_frame      0x00000000c00393a4       0xb0 kernel/protect.o
                                         0xc8 (size before relaxing)
 .eh_frame      0x00000000c0039454      0x100 kernel/proc.o
                                        0x118 (size before relaxing)
 .eh_frame      0x00000000c0039554       0x60 lib/klib.o
                                         0x78 (size before relaxing)
 .eh_frame      0x00000000c00395b4      0x140 kernel/syscallc.o
                                        0x158 (size before relaxing)
 .eh_frame      0x00000000c00396f4      0x254 kernel/memman.o
                                        0x26c (size before relaxing)
 .eh_frame      0x00000000c0039948      0x1e0 kernel/pagetbl.o
                                        0x1f8 (size before relaxing)
 .eh_frame      0x00000000c0039b28       0xa0 kernel/elf.o
                                         0xb8 (size before relaxing)
 .eh_frame      0x00000000c0039bc8       0x60 kernel/file.o
                                         0x78 (size before relaxing)
 .eh_frame      0x00000000c0039c28       0x84 kernel/exec.o
                                         0x9c (size before relaxing)
 .eh_frame      0x00000000c0039cac       0x90 kernel/fork.o
                                         0xa8 (size before relaxing)
 .eh_frame      0x00000000c0039d3c       0xb0 kernel/pthread.o
                                         0xc8 (size before relaxing)
 .eh_frame      0x00000000c0039dec       0x70 kernel/ktest.o
                                         0x88 (size before relaxing)
 .eh_frame      0x00000000c0039e5c       0x40 kernel/testfunc.o
                                         0x58 (size before relaxing)
 .eh_frame      0x00000000c0039e9c      0x4c8 kernel/fs.o
                                        0x4e0 (size before relaxing)
 .eh_frame      0x00000000c003a364      0x1e0 kernel/hd.o
                                        0x1f8 (size before relaxing)
 *(.eh_frame.*)

.gcc_except_table
 *(.gcc_except_table .gcc_except_table.*)

.gnu_extab
 *(.gnu_extab*)

.exception_ranges
 *(.exception_ranges .exception_ranges*)
                0x00000000c003b544                . = DATA_SEGMENT_ALIGN (0x1000, 0x1000)

.eh_frame
 *(.eh_frame)
 *(.eh_frame.*)

.gnu_extab
 *(.gnu_extab)

.gcc_except_table
 *(.gcc_except_table .gcc_except_table.*)

.exception_ranges
 *(.exception_ranges .exception_ranges*)

.tdata
 *(.tdata .tdata.* .gnu.linkonce.td.*)

.tbss
 *(.tbss .tbss.* .gnu.linkonce.tb.*)
 *(.tcommon)

.preinit_array  0x00000000c003b544        0x0
                [!provide]                        PROVIDE (__preinit_array_start, .)
 *(.preinit_array)
                [!provide]                        PROVIDE (__preinit_array_end, .)

.init_array     0x00000000c003b544        0x0
                [!provide]                        PROVIDE (__init_array_start, .)
 *(SORT(.init_array.*) SORT(.ctors.*))
 *(.init_array EXCLUDE_FILE(*crtend?.o *crtend.o *crtbegin?.o *crtbegin.o) .ctors)
                [!provide]                        PROVIDE (__init_array_end, .)

.fini_array     0x00000000c003b544        0x0
                [!provide]                        PROVIDE (__fini_array_start, .)
 *(SORT(.fini_array.*) SORT(.dtors.*))
 *(.fini_array EXCLUDE_FILE(*crtend?.o *crtend.o *crtbegin?.o *crtbegin.o) .dtors)
                [!provide]                        PROVIDE (__fini_array_end, .)

.ctors
 *crtbegin.o(.ctors)
 *crtbegin?.o(.ctors)
 *(EXCLUDE_FILE(*crtend?.o *crtend.o) .ctors)
 *(SORT(.ctors.*))
 *(.ctors)

.dtors
 *crtbegin.o(.dtors)
 *crtbegin?.o(.dtors)
 *(EXCLUDE_FILE(*crtend?.o *crtend.o) .dtors)
 *(SORT(.dtors.*))
 *(.dtors)

.jcr
 *(.jcr)

.data.rel.ro
 *(.data.rel.ro.local* .gnu.linkonce.d.rel.ro.local.*)
 *(.data.rel.ro .data.rel.ro.* .gnu.linkonce.d.rel.ro.*)

.dynamic
 *(.dynamic)

.got
 *(.got)
 *(.igot)
                0x00000000c003b544                . = DATA_SEGMENT_RELRO_END (., (SIZEOF (.got.plt) >= 0xc)?0xc:0x0)

.got.plt        0x00000000c003b544        0x0
 *(.got.plt)
 *(.igot.plt)
 .igot.plt      0x00000000c003b544        0x0 kernel/kernel.o

.data           0x00000000c003b560      0x100
 *(.data .data.* .gnu.linkonce.d.*)
 .data          0x00000000c003b560        0x2 kernel/kernel.o
 .data          0x00000000c003b562        0x0 kernel/start.o
 .data          0x00000000c003b562        0x0 kernel/main.o
 .data          0x00000000c003b562        0x0 kernel/clock.o
 .data          0x00000000c003b562        0x0 kernel/i8259.o
 *fill*         0x00000000c003b562       0x1e 
 .data          0x00000000c003b580       0xdc kernel/global.o
                0x00000000c003b580                task_table
                0x00000000c003b600                sys_call_table
 .data          0x00000000c003b65c        0x0 kernel/protect.o
 .data          0x00000000c003b65c        0x0 kernel/proc.o
 .data          0x00000000c003b65c        0x0 lib/klib.o
 .data          0x00000000c003b65c        0x0 kernel/syscallc.o
 .data          0x00000000c003b65c        0x4 kernel/memman.o
                0x00000000c003b65c                memman
 .data          0x00000000c003b660        0x0 kernel/pagetbl.o
 .data          0x00000000c003b660        0x0 kernel/elf.o
 .data          0x00000000c003b660        0x0 kernel/file.o
 .data          0x00000000c003b660        0x0 kernel/exec.o
 .data          0x00000000c003b660        0x0 kernel/fork.o
 .data          0x00000000c003b660        0x0 kernel/pthread.o
 .data          0x00000000c003b660        0x0 kernel/ktest.o
 .data          0x00000000c003b660        0x0 kernel/testfunc.o
 .data          0x00000000c003b660        0x0 kernel/fs.o
 .data          0x00000000c003b660        0x0 kernel/hd.o

.data1
 *(.data1)
                0x00000000c003b660                _edata = .
                [!provide]                        PROVIDE (edata, .)
                0x00000000c003b660                . = .
                0x00000000c003b660                __bss_start = .

.bss            0x00000000c003b660    0x25844
 *(.dynbss)
 *(.bss .bss.* .gnu.linkonce.b.*)
 .bss           0x00000000c003b660     0x1000 kernel/kernel.o
 .bss           0x00000000c003c660        0x0 kernel/start.o
 .bss           0x00000000c003c660        0x0 kernel/main.o
 .bss           0x00000000c003c660        0x0 kernel/clock.o
 .bss           0x00000000c003c660        0x0 kernel/i8259.o
 .bss           0x00000000c003c660        0x0 kernel/global.o
 .bss           0x00000000c003c660        0x0 kernel/protect.o
 .bss           0x00000000c003c660        0x0 kernel/proc.o
 .bss           0x00000000c003c660        0x0 lib/klib.o
 .bss           0x00000000c003c660        0x4 kernel/syscallc.o
                0x00000000c003c660                memarg
 *fill*         0x00000000c003c664       0x1c 
 .bss           0x00000000c003c680      0x400 kernel/memman.o
                0x00000000c003c680                MemInfo
 .bss           0x00000000c003ca80        0x4 kernel/pagetbl.o
                0x00000000c003ca80                cr2_count
 .bss           0x00000000c003ca84        0x0 kernel/elf.o
 .bss           0x00000000c003ca84        0x4 kernel/file.o
 .bss           0x00000000c003ca88        0x0 kernel/exec.o
 .bss           0x00000000c003ca88        0x0 kernel/fork.o
 .bss           0x00000000c003ca88        0x0 kernel/pthread.o
 .bss           0x00000000c003ca88        0x0 kernel/ktest.o
 .bss           0x00000000c003ca88        0x0 kernel/testfunc.o
 .bss           0x00000000c003ca88        0x0 kernel/fs.o
 *fill*         0x00000000c003ca88       0x18 
 .bss           0x00000000c003caa0      0x64c kernel/hd.o
 *(COMMON)
 COMMON         0x00000000c003d0ec       0x10 kernel/main.o
                0x00000000c003d0ec                PARTITION_ENTRY
 *fill*         0x00000000c003d0fc        0x4 
 COMMON         0x00000000c003d100    0x1bdc0 kernel/global.o
                0x00000000c003d100                idt_ptr
                0x00000000c003d120                inode_table
                0x00000000c003dc20                k_reenter
                0x00000000c003dc40                gdt
                0x00000000c003e040                pcaller
                0x00000000c003e060                cpu_table
                0x00000000c0040060                tss
                0x00000000c00400e0                fs_msg
                0x00000000c0040110                p_proc_current
                0x00000000c0040114                cr3_ready
                0x00000000c0040120                f_desc_table
                0x00000000c0040420                fsbuf
                0x00000000c0040424                p_proc_next
                0x00000000c0040428                root_inode
                0x00000000c004042c                disp_pos
                0x00000000c0040430                gdt_ptr
                0x00000000c0040440                idt
                0x00000000c0040c40                kernel_initial
                0x00000000c0040c60                super_block
                0x00000000c0040e40                ticks
                0x00000000c0040e60                irq_table
                0x00000000c0040ea0                u_proc_sum
                0x00000000c0040ec0                proc_table
 COMMON         0x00000000c0058ec0     0x7fe0 kernel/memman.o
                0x00000000c0058ec0                s_memman
 COMMON         0x00000000c0060ea0        0x4 kernel/pagetbl.o
                0x00000000c0060ea0                cr2_save
                0x00000000c0060ea4                . = ALIGN ((. != 0x0)?0x4:0x1)
                0x00000000c0060ea4                . = ALIGN (0x4)
                0x00000000c0060ea4                . = SEGMENT_START ("ldata-segment", .)
                0x00000000c0060ea4                . = ALIGN (0x4)
                0x00000000c0060ea4                _end = .
                [!provide]                        PROVIDE (end, .)
                0x00000000c0060ea4                . = DATA_SEGMENT_END (.)

.stab
 *(.stab)

.stabstr
 *(.stabstr)

.stab.excl
 *(.stab.excl)

.stab.exclstr
 *(.stab.exclstr)

.stab.index
 *(.stab.index)

.stab.indexstr
 *(.stab.indexstr)

.comment        0x0000000000000000       0x34
 *(.comment)
 .comment       0x0000000000000000       0x34 kernel/start.o
                                         0x35 (size before relaxing)
 .comment       0x0000000000000034       0x35 kernel/main.o
 .comment       0x0000000000000034       0x35 kernel/clock.o
 .comment       0x0000000000000034       0x35 kernel/i8259.o
 .comment       0x0000000000000034       0x35 kernel/global.o
 .comment       0x0000000000000034       0x35 kernel/protect.o
 .comment       0x0000000000000034       0x35 kernel/proc.o
 .comment       0x0000000000000034       0x35 lib/klib.o
 .comment       0x0000000000000034       0x35 kernel/syscallc.o
 .comment       0x0000000000000034       0x35 kernel/memman.o
 .comment       0x0000000000000034       0x35 kernel/pagetbl.o
 .comment       0x0000000000000034       0x35 kernel/elf.o
 .comment       0x0000000000000034       0x35 kernel/file.o
 .comment       0x0000000000000034       0x35 kernel/exec.o
 .comment       0x0000000000000034       0x35 kernel/fork.o
 .comment       0x0000000000000034       0x35 kernel/pthread.o
 .comment       0x0000000000000034       0x35 kernel/ktest.o
 .comment       0x0000000000000034       0x35 kernel/testfunc.o
 .comment       0x0000000000000034       0x35 kernel/fs.o
 .comment       0x0000000000000034       0x35 kernel/hd.o

.debug
 *(.debug)

.line
 *(.line)

.debug_srcinfo
 *(.debug_srcinfo)

.debug_sfnames
 *(.debug_sfnames)

.debug_aranges
 *(.debug_aranges)

.debug_pubnames
 *(.debug_pubnames)

.debug_info
 *(.debug_info .gnu.linkonce.wi.*)

.debug_abbrev
 *(.debug_abbrev)

.debug_line
 *(.debug_line .debug_line.* .debug_line_end)

.debug_frame
 *(.debug_frame)

.debug_str
 *(.debug_str)

.debug_loc
 *(.debug_loc)

.debug_macinfo
 *(.debug_macinfo)

.debug_weaknames
 *(.debug_weaknames)

.debug_funcnames
 *(.debug_funcnames)

.debug_typenames
 *(.debug_typenames)

.debug_varnames
 *(.debug_varnames)

.debug_pubtypes
 *(.debug_pubtypes)

.debug_ranges
 *(.debug_ranges)

.debug_macro
 *(.debug_macro)

.gnu.attributes
 *(.gnu.attributes)

/DISCARD/
 *(.note.GNU-stack)
 *(.gnu_debuglink)
 *(.gnu.lto_*)
OUTPUT(kernel.bin elf32-i386)
