
Allocating common symbols
Common symbol       size              file

idt_ptr             0x6               kernel/global.o
s_memman            0x7fe0            kernel/memman.o
hdque               0x8               kernel/global.o
inode_table         0xb00             kernel/global.o
k_reenter           0x4               kernel/global.o
gdt                 0x400             kernel/global.o
cpu_table           0x2000            kernel/global.o
tss                 0x68              kernel/global.o
p_proc_current      0x4               kernel/global.o
cr3_ready           0x4               kernel/global.o
f_desc_table        0x300             kernel/global.o
fsbuf               0x4               kernel/global.o
p_proc_next         0x4               kernel/global.o
root_inode          0x4               kernel/global.o
disp_pos            0x4               kernel/global.o
gdt_ptr             0x6               kernel/global.o
idt                 0x800             kernel/global.o
kernel_initial      0x4               kernel/global.o
super_block         0x1e0             kernel/global.o
PARTITION_ENTRY     0x10              kernel/main.o
ticks               0x4               kernel/global.o
irq_table           0x40              kernel/global.o
u_proc_sum          0x4               kernel/global.o
proc_table          0x18000           kernel/global.o
cr2_save            0x4               kernel/pagetbl.o

Discarded input sections

 .debug_info    0x0000000000000000      0x1e1 kernel/start.o
 .debug_abbrev  0x0000000000000000       0xc6 kernel/start.o
 .debug_aranges
                0x0000000000000000       0x20 kernel/start.o
 .debug_line    0x0000000000000000       0x7a kernel/start.o
 .debug_str     0x0000000000000000      0x1a3 kernel/start.o
 .note.GNU-stack
                0x0000000000000000        0x0 kernel/start.o
 .debug_info    0x0000000000000000      0xa2d kernel/main.o
 .debug_abbrev  0x0000000000000000      0x251 kernel/main.o
 .debug_aranges
                0x0000000000000000       0x20 kernel/main.o
 .debug_line    0x0000000000000000      0x305 kernel/main.o
 .debug_str     0x0000000000000000      0x64b kernel/main.o
 .note.GNU-stack
                0x0000000000000000        0x0 kernel/main.o
 .debug_info    0x0000000000000000      0x521 kernel/clock.o
 .debug_abbrev  0x0000000000000000      0x160 kernel/clock.o
 .debug_aranges
                0x0000000000000000       0x20 kernel/clock.o
 .debug_line    0x0000000000000000       0x8a kernel/clock.o
 .debug_str     0x0000000000000000      0x3d3 kernel/clock.o
 .note.GNU-stack
                0x0000000000000000        0x0 kernel/clock.o
 .debug_info    0x0000000000000000      0x10e kernel/i8259.o
 .debug_abbrev  0x0000000000000000       0xe4 kernel/i8259.o
 .debug_aranges
                0x0000000000000000       0x20 kernel/i8259.o
 .debug_line    0x0000000000000000       0x88 kernel/i8259.o
 .debug_str     0x0000000000000000      0x120 kernel/i8259.o
 .note.GNU-stack
                0x0000000000000000        0x0 kernel/i8259.o
 .debug_info    0x0000000000000000      0xd0d kernel/global.o
 .debug_abbrev  0x0000000000000000      0x1b8 kernel/global.o
 .debug_aranges
                0x0000000000000000       0x18 kernel/global.o
 .debug_line    0x0000000000000000       0x82 kernel/global.o
 .debug_str     0x0000000000000000      0x73d kernel/global.o
 .note.GNU-stack
                0x0000000000000000        0x0 kernel/global.o
 .debug_info    0x0000000000000000      0x8d2 kernel/protect.o
 .debug_abbrev  0x0000000000000000      0x201 kernel/protect.o
 .debug_aranges
                0x0000000000000000       0x20 kernel/protect.o
 .debug_line    0x0000000000000000      0x13a kernel/protect.o
 .debug_str     0x0000000000000000      0x505 kernel/protect.o
 .note.GNU-stack
                0x0000000000000000        0x0 kernel/protect.o
 .debug_info    0x0000000000000000      0x685 kernel/proc.o
 .debug_abbrev  0x0000000000000000      0x20e kernel/proc.o
 .debug_aranges
                0x0000000000000000       0x20 kernel/proc.o
 .debug_line    0x0000000000000000      0x10a kernel/proc.o
 .debug_str     0x0000000000000000      0x434 kernel/proc.o
 .note.GNU-stack
                0x0000000000000000        0x0 kernel/proc.o
 .debug_info    0x0000000000000000      0x14c lib/klib.o
 .debug_abbrev  0x0000000000000000       0xcf lib/klib.o
 .debug_aranges
                0x0000000000000000       0x20 lib/klib.o
 .debug_line    0x0000000000000000       0x90 lib/klib.o
 .debug_str     0x0000000000000000       0xf8 lib/klib.o
 .note.GNU-stack
                0x0000000000000000        0x0 lib/klib.o
 .debug_info    0x0000000000000000      0x70d kernel/syscallc.o
 .debug_abbrev  0x0000000000000000      0x1e2 kernel/syscallc.o
 .debug_aranges
                0x0000000000000000       0x20 kernel/syscallc.o
 .debug_line    0x0000000000000000       0xd2 kernel/syscallc.o
 .debug_str     0x0000000000000000      0x4ac kernel/syscallc.o
 .note.GNU-stack
                0x0000000000000000        0x0 kernel/syscallc.o
 .debug_info    0x0000000000000000      0x591 kernel/memman.o
 .debug_abbrev  0x0000000000000000      0x1e2 kernel/memman.o
 .debug_aranges
                0x0000000000000000       0x20 kernel/memman.o
 .debug_line    0x0000000000000000      0x334 kernel/memman.o
 .debug_str     0x0000000000000000      0x213 kernel/memman.o
 .note.GNU-stack
                0x0000000000000000        0x0 kernel/memman.o
 .debug_info    0x0000000000000000      0x996 kernel/pagetbl.o
 .debug_abbrev  0x0000000000000000      0x2c5 kernel/pagetbl.o
 .debug_aranges
                0x0000000000000000       0x20 kernel/pagetbl.o
 .debug_line    0x0000000000000000      0x158 kernel/pagetbl.o
 .debug_str     0x0000000000000000      0x5b2 kernel/pagetbl.o
 .note.GNU-stack
                0x0000000000000000        0x0 kernel/pagetbl.o
 .debug_info    0x0000000000000000      0x435 kernel/elf.o
 .debug_abbrev  0x0000000000000000      0x11b kernel/elf.o
 .debug_aranges
                0x0000000000000000       0x20 kernel/elf.o
 .debug_line    0x0000000000000000      0x14c kernel/elf.o
 .debug_str     0x0000000000000000      0x296 kernel/elf.o
 .note.GNU-stack
                0x0000000000000000        0x0 kernel/elf.o
 .debug_info    0x0000000000000000      0x12a kernel/file.o
 .debug_abbrev  0x0000000000000000       0xac kernel/file.o
 .debug_aranges
                0x0000000000000000       0x20 kernel/file.o
 .debug_line    0x0000000000000000       0x5d kernel/file.o
 .debug_str     0x0000000000000000      0x116 kernel/file.o
 .note.GNU-stack
                0x0000000000000000        0x0 kernel/file.o
 .debug_info    0x0000000000000000      0x89f kernel/exec.o
 .debug_abbrev  0x0000000000000000      0x1de kernel/exec.o
 .debug_aranges
                0x0000000000000000       0x20 kernel/exec.o
 .debug_line    0x0000000000000000      0x12b kernel/exec.o
 .debug_str     0x0000000000000000      0x5b4 kernel/exec.o
 .note.GNU-stack
                0x0000000000000000        0x0 kernel/exec.o
 .debug_info    0x0000000000000000      0x5ee kernel/fork.o
 .debug_abbrev  0x0000000000000000      0x1a3 kernel/fork.o
 .debug_aranges
                0x0000000000000000       0x20 kernel/fork.o
 .debug_line    0x0000000000000000      0x1a4 kernel/fork.o
 .debug_str     0x0000000000000000      0x40c kernel/fork.o
 .note.GNU-stack
                0x0000000000000000        0x0 kernel/fork.o
 .debug_info    0x0000000000000000      0x687 kernel/pthread.o
 .debug_abbrev  0x0000000000000000      0x1b1 kernel/pthread.o
 .debug_aranges
                0x0000000000000000       0x20 kernel/pthread.o
 .debug_line    0x0000000000000000       0xee kernel/pthread.o
 .debug_str     0x0000000000000000      0x44a kernel/pthread.o
 .note.GNU-stack
                0x0000000000000000        0x0 kernel/pthread.o
 .debug_info    0x0000000000000000      0x258 kernel/ktest.o
 .debug_abbrev  0x0000000000000000       0xda kernel/ktest.o
 .debug_aranges
                0x0000000000000000       0x20 kernel/ktest.o
 .debug_line    0x0000000000000000       0xaf kernel/ktest.o
 .debug_str     0x0000000000000000      0x18e kernel/ktest.o
 .note.GNU-stack
                0x0000000000000000        0x0 kernel/ktest.o
 .debug_info    0x0000000000000000       0xaf kernel/testfunc.o
 .debug_abbrev  0x0000000000000000       0x67 kernel/testfunc.o
 .debug_aranges
                0x0000000000000000       0x20 kernel/testfunc.o
 .debug_line    0x0000000000000000       0x5a kernel/testfunc.o
 .debug_str     0x0000000000000000       0xec kernel/testfunc.o
 .note.GNU-stack
                0x0000000000000000        0x0 kernel/testfunc.o
 .debug_info    0x0000000000000000     0x1aae kernel/fs.o
 .debug_abbrev  0x0000000000000000      0x2e0 kernel/fs.o
 .debug_aranges
                0x0000000000000000       0x20 kernel/fs.o
 .debug_line    0x0000000000000000      0x6b7 kernel/fs.o
 .debug_str     0x0000000000000000      0x9a2 kernel/fs.o
 .note.GNU-stack
                0x0000000000000000        0x0 kernel/fs.o
 .debug_info    0x0000000000000000     0x11a2 kernel/hd.o
 .debug_abbrev  0x0000000000000000      0x357 kernel/hd.o
 .debug_aranges
                0x0000000000000000       0x20 kernel/hd.o
 .debug_ranges  0x0000000000000000       0x30 kernel/hd.o
 .debug_line    0x0000000000000000      0x408 kernel/hd.o
 .debug_str     0x0000000000000000      0x831 kernel/hd.o
 .note.GNU-stack
                0x0000000000000000        0x0 kernel/hd.o

Memory Configuration

Name             Origin             Length             Attributes
*default*        0x0000000000000000 0xffffffffffffffff

Linker script and memory map

Address of section .text set to 0xc0030400
LOAD kernel/kernel.o
LOAD kernel/syscall.o
LOAD kernel/start.o
LOAD kernel/main.o
LOAD kernel/clock.o
LOAD kernel/i8259.o
LOAD kernel/global.o
LOAD kernel/protect.o
LOAD kernel/proc.o
LOAD lib/kliba.o
LOAD lib/klib.o
LOAD lib/string.o
LOAD kernel/syscallc.o
LOAD kernel/memman.o
LOAD kernel/pagetbl.o
LOAD kernel/elf.o
LOAD kernel/file.o
LOAD kernel/exec.o
LOAD kernel/fork.o
LOAD kernel/pthread.o
LOAD kernel/ktest.o
LOAD kernel/testfunc.o
LOAD kernel/fs.o
LOAD kernel/hd.o
                [!provide]                        PROVIDE (__executable_start, 0x8048000)
                0x0000000008048094                . = (0x8048000 + SIZEOF_HEADERS)

.interp
 *(.interp)

.note.gnu.build-id
 *(.note.gnu.build-id)

.hash
 *(.hash)

.gnu.hash
 *(.gnu.hash)

.dynsym
 *(.dynsym)

.dynstr
 *(.dynstr)

.gnu.version
 *(.gnu.version)

.gnu.version_d
 *(.gnu.version_d)

.gnu.version_r
 *(.gnu.version_r)

.rel.dyn        0x0000000008048094        0x0
 *(.rel.init)
 *(.rel.text .rel.text.* .rel.gnu.linkonce.t.*)
 .rel.text      0x0000000008048094        0x0 kernel/kernel.o
 *(.rel.fini)
 *(.rel.rodata .rel.rodata.* .rel.gnu.linkonce.r.*)
 *(.rel.data.rel.ro .rel.data.rel.ro.* .rel.gnu.linkonce.d.rel.ro.*)
 *(.rel.data .rel.data.* .rel.gnu.linkonce.d.*)
 .rel.data      0x0000000008048094        0x0 kernel/kernel.o
 *(.rel.tdata .rel.tdata.* .rel.gnu.linkonce.td.*)
 *(.rel.tbss .rel.tbss.* .rel.gnu.linkonce.tb.*)
 *(.rel.ctors)
 *(.rel.dtors)
 *(.rel.got)
 *(.rel.bss .rel.bss.* .rel.gnu.linkonce.b.*)
 *(.rel.ifunc)

.rel.plt        0x0000000008048094        0x0
 *(.rel.plt)
                [!provide]                        PROVIDE (__rel_iplt_start, .)
 *(.rel.iplt)
 .rel.iplt      0x0000000008048094        0x0 kernel/kernel.o
                [!provide]                        PROVIDE (__rel_iplt_end, .)

.init
 *(SORT(.init))

.plt            0x00000000080480a0        0x0
 *(.plt)
 *(.iplt)
 .iplt          0x00000000080480a0        0x0 kernel/kernel.o

.plt.got
 *(.plt.got)

.text           0x00000000c0030400     0x89db
 *(.text.unlikely .text.*_unlikely .text.unlikely.*)
 *(.text.exit .text.exit.*)
 *(.text.startup .text.startup.*)
 *(.text.hot .text.hot.*)
 *(.text .stub .text.* .gnu.linkonce.t.*)
 .text          0x00000000c0030400      0x50f kernel/kernel.o
                0x00000000c0030400                _start
                0x00000000c0030440                hwint00
                0x00000000c0030470                hwint01
                0x00000000c00304a0                hwint02
                0x00000000c00304d0                hwint03
                0x00000000c0030500                hwint04
                0x00000000c0030530                hwint05
                0x00000000c0030560                hwint06
                0x00000000c0030590                hwint07
                0x00000000c00305c0                hwint08
                0x00000000c00305f0                hwint09
                0x00000000c0030620                hwint10
                0x00000000c0030650                hwint11
                0x00000000c0030680                hwint12
                0x00000000c00306b0                hwint13
                0x00000000c00306e0                hwint14
                0x00000000c0030710                hwint15
                0x00000000c0030740                divide_error
                0x00000000c0030749                single_step_exception
                0x00000000c003074f                nmi
                0x00000000c0030755                breakpoint_exception
                0x00000000c003075b                overflow
                0x00000000c0030761                bounds_check
                0x00000000c0030767                inval_opcode
                0x00000000c003076d                copr_not_available
                0x00000000c0030773                double_fault
                0x00000000c0030777                copr_seg_overrun
                0x00000000c003077d                inval_tss
                0x00000000c0030781                segment_not_present
                0x00000000c0030785                stack_exception
                0x00000000c0030789                general_protection
                0x00000000c003078d                page_fault
                0x00000000c00307c6                copr_error
                0x00000000c003083e                sched
                0x00000000c0030890                sys_call
                0x00000000c00308d6                restart_restore
                0x00000000c00308e1                restart_initial
                0x00000000c00308f0                read_cr2
                0x00000000c00308f4                refresh_page_cache
                0x00000000c00308fb                halt
                0x00000000c00308fc                get_arg
 *fill*         0x00000000c003090f        0x1 
 .text          0x00000000c0030910      0x11a kernel/syscall.o
                0x00000000c0030910                get_ticks
                0x00000000c0030918                get_pid
                0x00000000c0030920                kmalloc
                0x00000000c003092c                kmalloc_4k
                0x00000000c0030938                malloc
                0x00000000c0030944                malloc_4k
                0x00000000c0030950                free
                0x00000000c003095c                free_4k
                0x00000000c0030968                fork
                0x00000000c0030970                pthread
                0x00000000c003097c                udisp_int
                0x00000000c0030988                udisp_str
                0x00000000c0030994                exec
                0x00000000c00309a0                yield
                0x00000000c00309ac                sleep
                0x00000000c00309b8                print_E
                0x00000000c00309c4                print_F
                0x00000000c00309d0                open
                0x00000000c00309df                close
                0x00000000c00309ee                read
                0x00000000c00309fd                write
                0x00000000c0030a0c                lseek
                0x00000000c0030a1b                unlink
 .text          0x00000000c0030a2a       0x95 kernel/start.o
                0x00000000c0030a2a                cstart
 .text          0x00000000c0030abf      0x9c8 kernel/main.o
                0x00000000c0030abf                kernel_main
 .text          0x00000000c0031487       0x80 kernel/clock.o
                0x00000000c0031487                clock_handler
                0x00000000c00314cd                milli_delay
 .text          0x00000000c0031507      0x130 kernel/i8259.o
                0x00000000c0031507                init_8259A
                0x00000000c00315dc                spurious_irq
                0x00000000c0031613                put_irq_handler
 .text          0x00000000c0031637        0x0 kernel/global.o
 .text          0x00000000c0031637      0x62d kernel/protect.o
                0x00000000c0031637                init_prot
                0x00000000c0031a6d                seg2phys
                0x00000000c0031b29                exception_handler
 .text          0x00000000c0031c64      0x25a kernel/proc.o
                0x00000000c0031c64                schedule
                0x00000000c0031d2f                alloc_PCB
                0x00000000c0031d78                free_PCB
                0x00000000c0031d8b                sys_yield
                0x00000000c0031da8                sys_sleep
                0x00000000c0031de8                sys_wakeup
                0x00000000c0031e31                ldt_seg_linear
                0x00000000c0031e7b                va2la
 *fill*         0x00000000c0031ebe        0x2 
 .text          0x00000000c0031ec0      0x11e lib/kliba.o
                0x00000000c0031ec0                disp_str
                0x00000000c0031f0b                disp_color_str
                0x00000000c0031f4a                out_byte
                0x00000000c0031f56                in_byte
                0x00000000c0031f60                disable_irq
                0x00000000c0031f95                enable_irq
                0x00000000c0031fb4                port_read
                0x00000000c0031fc7                port_write
                0x00000000c0031fda                disable_int
                0x00000000c0031fdc                enable_int
 .text          0x00000000c0031fde      0x119 lib/klib.o
                0x00000000c0031fde                itoa
                0x00000000c0032089                disp_int
                0x00000000c00320b0                delay
 *fill*         0x00000000c00320f7        0x9 
 .text          0x00000000c0032100       0x78 lib/string.o
                0x00000000c0032100                memcpy
                0x00000000c0032129                memset
                0x00000000c003214a                strcpy
                0x00000000c0032162                strlen
 .text          0x00000000c0032178      0x1a0 kernel/syscallc.o
                0x00000000c0032178                sys_get_ticks
                0x00000000c0032182                sys_get_pid
                0x00000000c0032192                sys_kmalloc
                0x00000000c00321a8                sys_kmalloc_4k
                0x00000000c00321b5                sys_malloc
                0x00000000c003220c                sys_malloc_4k
                0x00000000c0032267                sys_free
                0x00000000c0032293                sys_free_4k
                0x00000000c00322ea                sys_udisp_int
                0x00000000c0032301                sys_udisp_str
 .text          0x00000000c0032318     0x100b kernel/memman.o
                0x00000000c0032318                init
                0x00000000c003282b                memman_init
                0x00000000c0032858                memman_alloc
                0x00000000c0032974                memman_kalloc
                0x00000000c0032a90                memman_alloc_4k
                0x00000000c0032bb3                memman_kalloc_4k
                0x00000000c0032cd6                memman_free
                0x00000000c0032f3a                memman_free_4k
                0x00000000c0032f52                test_malloc
                0x00000000c0032f68                test_kmalloc
                0x00000000c0032f7e                test_malloc_4k
                0x00000000c0032f91                test_kmalloc_4k
                0x00000000c0032fa4                test_free
                0x00000000c0032fbd                test_free_4k
                0x00000000c0032fd3                disp_free
                0x00000000c003304c                memman_total
                0x00000000c0033085                memman_test
 .text          0x00000000c0033323      0x7a9 kernel/pagetbl.o
                0x00000000c0033323                switch_pde
                0x00000000c0033339                init_page_pte
                0x00000000c0033407                page_fault_handler
                0x00000000c003375f                get_pde_index
                0x00000000c003376a                get_pte_index
                0x00000000c003377a                get_pde_phy_addr
                0x00000000c00337a9                get_pte_phy_addr
                0x00000000c00337e2                get_page_phy_addr
                0x00000000c003381e                pte_exist
                0x00000000c0033854                phy_exist
                0x00000000c003388a                write_page_pde
                0x00000000c00338bb                write_page_pte
                0x00000000c00338ec                vmalloc
                0x00000000c0033963                lin_mapping_phy
                0x00000000c0033a82                clear_kernel_pagepte_low
 .text          0x00000000c0033acc      0x50e kernel/elf.o
                0x00000000c0033acc                read_Ehdr
                0x00000000c0033af6                read_Phdr
                0x00000000c0033b20                read_Shdr
                0x00000000c0033b4a                read_elf
                0x00000000c0033c0c                disp_Elf
 .text          0x00000000c0033fda       0x66 kernel/file.o
                0x00000000c0033fda                fake_open
                0x00000000c0033fee                fake_read
                0x00000000c003402e                fake_seek
 .text          0x00000000c0034040      0x54f kernel/exec.o
                0x00000000c0034040                sys_exec
 .text          0x00000000c003458f      0x661 kernel/fork.o
                0x00000000c003458f                sys_fork
 .text          0x00000000c0034bf0      0x419 kernel/pthread.o
                0x00000000c0034bf0                sys_pthread
 .text          0x00000000c0035009      0x20f kernel/ktest.o
                0x00000000c0035009                TestA
                0x00000000c003502e                TestB
                0x00000000c00351ce                TestC
                0x00000000c00351f3                initial
 .text          0x00000000c0035218       0x9a kernel/testfunc.o
                0x00000000c0035218                sys_print_E
                0x00000000c0035265                sys_print_F
 .text          0x00000000c00352b2     0x2992 kernel/fs.o
                0x00000000c00352b2                init_fs
                0x00000000c00353ff                mkfs
                0x00000000c0035a99                rw_sector
                0x00000000c0035aee                rw_sector_sched
                0x00000000c0035b35                real_open
                0x00000000c0035b8c                do_open
                0x00000000c0035fa1                memcmp
                0x00000000c0036017                strcmp
                0x00000000c003608a                search_file
                0x00000000c00361f4                strip_path
                0x00000000c00363b2                get_super_block
                0x00000000c00363e5                get_inode
                0x00000000c0036560                get_inode_sched
                0x00000000c00366d5                put_inode
                0x00000000c00366ea                sync_inode
                0x00000000c0036d52                real_close
                0x00000000c0036d68                do_close
                0x00000000c0036db3                real_read
                0x00000000c0036de6                real_write
                0x00000000c0036e19                do_rdwt
                0x00000000c00371cb                real_unlink
                0x00000000c0037200                do_unlink
                0x00000000c00379fe                real_lseek
                0x00000000c0037a27                do_lseek
                0x00000000c0037ad7                sys_open
                0x00000000c0037b12                sys_close
                0x00000000c0037b36                sys_read
                0x00000000c0037b84                sys_write
                0x00000000c0037bd2                sys_lseek
                0x00000000c0037c20                sys_unlink
 .text          0x00000000c0037c44     0x1197 kernel/hd.o
                0x00000000c0037c44                init_hd
                0x00000000c0037cb7                hd_open
                0x00000000c0037d8d                hd_close
                0x00000000c0037dec                hd_rdwt
                0x00000000c0038027                hd_service
                0x00000000c003806d                hd_rdwt_real
                0x00000000c00382ab                hd_rdwt_sched
                0x00000000c00383aa                init_hd_queue
                0x00000000c00383c5                in_hd_queue
                0x00000000c003840a                out_hd_queue
                0x00000000c0038462                hd_ioctl
                0x00000000c00387d8                print_hdinfo
                0x00000000c003894f                hd_identify
                0x00000000c00389f2                print_identify_info
                0x00000000c0038c23                hd_cmd_out
                0x00000000c0038d25                interrupt_wait
                0x00000000c0038d3f                waitfor
                0x00000000c0038da0                hd_handler
                0x00000000c0038dcb                inform_int
 *(.gnu.warning)

.fini
 *(SORT(.fini))
                [!provide]                        PROVIDE (__etext, .)
                [!provide]                        PROVIDE (_etext, .)
                [!provide]                        PROVIDE (etext, .)

.rodata         0x00000000c0038de0      0xc32
 *(.rodata .rodata.* .gnu.linkonce.r.*)
 .rodata        0x00000000c0038de0       0x47 kernel/start.o
 *fill*         0x00000000c0038e27        0x1 
 .rodata        0x00000000c0038e28       0x9c kernel/main.o
 .rodata        0x00000000c0038ec4       0x11 kernel/i8259.o
 *fill*         0x00000000c0038ed5        0xb 
 .rodata        0x00000000c0038ee0      0x540 kernel/protect.o
 .rodata        0x00000000c0039420       0x24 kernel/memman.o
 .rodata        0x00000000c0039444       0xcf kernel/pagetbl.o
 .rodata        0x00000000c0039513       0x1f kernel/elf.o
 *fill*         0x00000000c0039532        0x2 
 .rodata        0x00000000c0039534       0x80 kernel/exec.o
 .rodata        0x00000000c00395b4       0x2b kernel/fork.o
 .rodata        0x00000000c00395df       0x34 kernel/pthread.o
 .rodata        0x00000000c0039613       0x61 kernel/ktest.o
 .rodata        0x00000000c0039674        0xb kernel/testfunc.o
 *fill*         0x00000000c003967f        0x1 
 .rodata        0x00000000c0039680      0x2ca kernel/fs.o
 .rodata        0x00000000c003994a       0xc8 kernel/hd.o

.rodata1
 *(.rodata1)

.eh_frame_hdr
 *(.eh_frame_hdr)
 *(.eh_frame_entry .eh_frame_entry.*)

.eh_frame       0x00000000c0039a14     0x13b8
 *(.eh_frame)
 .eh_frame      0x00000000c0039a14       0x38 kernel/start.o
 .eh_frame      0x00000000c0039a4c       0x60 kernel/main.o
                                         0x78 (size before relaxing)
 .eh_frame      0x00000000c0039aac       0x40 kernel/clock.o
                                         0x58 (size before relaxing)
 .eh_frame      0x00000000c0039aec       0x60 kernel/i8259.o
                                         0x78 (size before relaxing)
 .eh_frame      0x00000000c0039b4c       0xb0 kernel/protect.o
                                         0xc8 (size before relaxing)
 .eh_frame      0x00000000c0039bfc      0x100 kernel/proc.o
                                        0x118 (size before relaxing)
 .eh_frame      0x00000000c0039cfc       0x60 lib/klib.o
                                         0x78 (size before relaxing)
 .eh_frame      0x00000000c0039d5c      0x140 kernel/syscallc.o
                                        0x158 (size before relaxing)
 .eh_frame      0x00000000c0039e9c      0x254 kernel/memman.o
                                        0x26c (size before relaxing)
 .eh_frame      0x00000000c003a0f0      0x1e0 kernel/pagetbl.o
                                        0x1f8 (size before relaxing)
 .eh_frame      0x00000000c003a2d0       0xa0 kernel/elf.o
                                         0xb8 (size before relaxing)
 .eh_frame      0x00000000c003a370       0x60 kernel/file.o
                                         0x78 (size before relaxing)
 .eh_frame      0x00000000c003a3d0       0x84 kernel/exec.o
                                         0x9c (size before relaxing)
 .eh_frame      0x00000000c003a454       0x90 kernel/fork.o
                                         0xa8 (size before relaxing)
 .eh_frame      0x00000000c003a4e4       0xb0 kernel/pthread.o
                                         0xc8 (size before relaxing)
 .eh_frame      0x00000000c003a594       0x70 kernel/ktest.o
                                         0x88 (size before relaxing)
 .eh_frame      0x00000000c003a604       0x40 kernel/testfunc.o
                                         0x58 (size before relaxing)
 .eh_frame      0x00000000c003a644      0x4ec kernel/fs.o
                                        0x504 (size before relaxing)
 .eh_frame      0x00000000c003ab30      0x29c kernel/hd.o
                                        0x2b4 (size before relaxing)
 *(.eh_frame.*)

.gcc_except_table
 *(.gcc_except_table .gcc_except_table.*)

.gnu_extab
 *(.gnu_extab*)

.exception_ranges
 *(.exception_ranges .exception_ranges*)
                0x00000000c003b000                . = DATA_SEGMENT_ALIGN (0x1000, 0x1000)

.eh_frame
 *(.eh_frame)
 *(.eh_frame.*)

.gnu_extab
 *(.gnu_extab)

.gcc_except_table
 *(.gcc_except_table .gcc_except_table.*)

.exception_ranges
 *(.exception_ranges .exception_ranges*)

.tdata
 *(.tdata .tdata.* .gnu.linkonce.td.*)

.tbss
 *(.tbss .tbss.* .gnu.linkonce.tb.*)
 *(.tcommon)

.preinit_array  0x00000000c003b000        0x0
                [!provide]                        PROVIDE (__preinit_array_start, .)
 *(.preinit_array)
                [!provide]                        PROVIDE (__preinit_array_end, .)

.init_array     0x00000000c003b000        0x0
                [!provide]                        PROVIDE (__init_array_start, .)
 *(SORT(.init_array.*) SORT(.ctors.*))
 *(.init_array EXCLUDE_FILE(*crtend?.o *crtend.o *crtbegin?.o *crtbegin.o) .ctors)
                [!provide]                        PROVIDE (__init_array_end, .)

.fini_array     0x00000000c003b000        0x0
                [!provide]                        PROVIDE (__fini_array_start, .)
 *(SORT(.fini_array.*) SORT(.dtors.*))
 *(.fini_array EXCLUDE_FILE(*crtend?.o *crtend.o *crtbegin?.o *crtbegin.o) .dtors)
                [!provide]                        PROVIDE (__fini_array_end, .)

.ctors
 *crtbegin.o(.ctors)
 *crtbegin?.o(.ctors)
 *(EXCLUDE_FILE(*crtend?.o *crtend.o) .ctors)
 *(SORT(.ctors.*))
 *(.ctors)

.dtors
 *crtbegin.o(.dtors)
 *crtbegin?.o(.dtors)
 *(EXCLUDE_FILE(*crtend?.o *crtend.o) .dtors)
 *(SORT(.dtors.*))
 *(.dtors)

.jcr
 *(.jcr)

.data.rel.ro
 *(.data.rel.ro.local* .gnu.linkonce.d.rel.ro.local.*)
 *(.data.rel.ro .data.rel.ro.* .gnu.linkonce.d.rel.ro.*)

.dynamic
 *(.dynamic)

.got
 *(.got)
 *(.igot)
                0x00000000c003b000                . = DATA_SEGMENT_RELRO_END (., (SIZEOF (.got.plt) >= 0xc)?0xc:0x0)

.got.plt        0x00000000c003b000        0x0
 *(.got.plt)
 *(.igot.plt)
 .igot.plt      0x00000000c003b000        0x0 kernel/kernel.o

.data           0x00000000c003b000      0x120
 *(.data .data.* .gnu.linkonce.d.*)
 .data          0x00000000c003b000        0x2 kernel/kernel.o
 .data          0x00000000c003b002        0x0 kernel/start.o
 .data          0x00000000c003b002        0x0 kernel/main.o
 .data          0x00000000c003b002        0x0 kernel/clock.o
 .data          0x00000000c003b002        0x0 kernel/i8259.o
 *fill*         0x00000000c003b002       0x1e 
 .data          0x00000000c003b020       0xfc kernel/global.o
                0x00000000c003b020                task_table
                0x00000000c003b0c0                sys_call_table
 .data          0x00000000c003b11c        0x0 kernel/protect.o
 .data          0x00000000c003b11c        0x0 kernel/proc.o
 .data          0x00000000c003b11c        0x0 lib/klib.o
 .data          0x00000000c003b11c        0x0 kernel/syscallc.o
 .data          0x00000000c003b11c        0x4 kernel/memman.o
                0x00000000c003b11c                memman
 .data          0x00000000c003b120        0x0 kernel/pagetbl.o
 .data          0x00000000c003b120        0x0 kernel/elf.o
 .data          0x00000000c003b120        0x0 kernel/file.o
 .data          0x00000000c003b120        0x0 kernel/exec.o
 .data          0x00000000c003b120        0x0 kernel/fork.o
 .data          0x00000000c003b120        0x0 kernel/pthread.o
 .data          0x00000000c003b120        0x0 kernel/ktest.o
 .data          0x00000000c003b120        0x0 kernel/testfunc.o
 .data          0x00000000c003b120        0x0 kernel/fs.o
 .data          0x00000000c003b120        0x0 kernel/hd.o

.data1
 *(.data1)
                0x00000000c003b120                _edata = .
                [!provide]                        PROVIDE (edata, .)
                0x00000000c003b120                . = .
                0x00000000c003b120                __bss_start = .

.bss            0x00000000c003b120    0x257e4
 *(.dynbss)
 *(.bss .bss.* .gnu.linkonce.b.*)
 .bss           0x00000000c003b120     0x1000 kernel/kernel.o
 .bss           0x00000000c003c120        0x0 kernel/start.o
 .bss           0x00000000c003c120        0x0 kernel/main.o
 .bss           0x00000000c003c120        0x0 kernel/clock.o
 .bss           0x00000000c003c120        0x0 kernel/i8259.o
 .bss           0x00000000c003c120        0x0 kernel/global.o
 .bss           0x00000000c003c120        0x0 kernel/protect.o
 .bss           0x00000000c003c120        0x0 kernel/proc.o
 .bss           0x00000000c003c120        0x0 lib/klib.o
 .bss           0x00000000c003c120        0x4 kernel/syscallc.o
                0x00000000c003c120                memarg
 *fill*         0x00000000c003c124       0x1c 
 .bss           0x00000000c003c140      0x400 kernel/memman.o
                0x00000000c003c140                MemInfo
 .bss           0x00000000c003c540        0x4 kernel/pagetbl.o
                0x00000000c003c540                cr2_count
 .bss           0x00000000c003c544        0x0 kernel/elf.o
 .bss           0x00000000c003c544        0x4 kernel/file.o
 .bss           0x00000000c003c548        0x0 kernel/exec.o
 .bss           0x00000000c003c548        0x0 kernel/fork.o
 .bss           0x00000000c003c548        0x0 kernel/pthread.o
 .bss           0x00000000c003c548        0x0 kernel/ktest.o
 .bss           0x00000000c003c548        0x0 kernel/testfunc.o
 .bss           0x00000000c003c548        0x0 kernel/fs.o
 *fill*         0x00000000c003c548       0x18 
 .bss           0x00000000c003c560      0x64c kernel/hd.o
 *(COMMON)
 COMMON         0x00000000c003cbac       0x10 kernel/main.o
                0x00000000c003cbac                PARTITION_ENTRY
 *fill*         0x00000000c003cbbc        0x4 
 COMMON         0x00000000c003cbc0    0x1bd60 kernel/global.o
                0x00000000c003cbc0                idt_ptr
                0x00000000c003cbc8                hdque
                0x00000000c003cbe0                inode_table
                0x00000000c003d6e0                k_reenter
                0x00000000c003d700                gdt
                0x00000000c003db00                cpu_table
                0x00000000c003fb00                tss
                0x00000000c003fb68                p_proc_current
                0x00000000c003fb6c                cr3_ready
                0x00000000c003fb80                f_desc_table
                0x00000000c003fe80                fsbuf
                0x00000000c003fe84                p_proc_next
                0x00000000c003fe88                root_inode
                0x00000000c003fe8c                disp_pos
                0x00000000c003fe90                gdt_ptr
                0x00000000c003fea0                idt
                0x00000000c00406a0                kernel_initial
                0x00000000c00406c0                super_block
                0x00000000c00408a0                ticks
                0x00000000c00408c0                irq_table
                0x00000000c0040900                u_proc_sum
                0x00000000c0040920                proc_table
 COMMON         0x00000000c0058920     0x7fe0 kernel/memman.o
                0x00000000c0058920                s_memman
 COMMON         0x00000000c0060900        0x4 kernel/pagetbl.o
                0x00000000c0060900                cr2_save
                0x00000000c0060904                . = ALIGN ((. != 0x0)?0x4:0x1)
                0x00000000c0060904                . = ALIGN (0x4)
                0x00000000c0060904                . = SEGMENT_START ("ldata-segment", .)
                0x00000000c0060904                . = ALIGN (0x4)
                0x00000000c0060904                _end = .
                [!provide]                        PROVIDE (end, .)
                0x00000000c0060904                . = DATA_SEGMENT_END (.)

.stab
 *(.stab)

.stabstr
 *(.stabstr)

.stab.excl
 *(.stab.excl)

.stab.exclstr
 *(.stab.exclstr)

.stab.index
 *(.stab.index)

.stab.indexstr
 *(.stab.indexstr)

.comment        0x0000000000000000       0x34
 *(.comment)
 .comment       0x0000000000000000       0x34 kernel/start.o
                                         0x35 (size before relaxing)
 .comment       0x0000000000000034       0x35 kernel/main.o
 .comment       0x0000000000000034       0x35 kernel/clock.o
 .comment       0x0000000000000034       0x35 kernel/i8259.o
 .comment       0x0000000000000034       0x35 kernel/global.o
 .comment       0x0000000000000034       0x35 kernel/protect.o
 .comment       0x0000000000000034       0x35 kernel/proc.o
 .comment       0x0000000000000034       0x35 lib/klib.o
 .comment       0x0000000000000034       0x35 kernel/syscallc.o
 .comment       0x0000000000000034       0x35 kernel/memman.o
 .comment       0x0000000000000034       0x35 kernel/pagetbl.o
 .comment       0x0000000000000034       0x35 kernel/elf.o
 .comment       0x0000000000000034       0x35 kernel/file.o
 .comment       0x0000000000000034       0x35 kernel/exec.o
 .comment       0x0000000000000034       0x35 kernel/fork.o
 .comment       0x0000000000000034       0x35 kernel/pthread.o
 .comment       0x0000000000000034       0x35 kernel/ktest.o
 .comment       0x0000000000000034       0x35 kernel/testfunc.o
 .comment       0x0000000000000034       0x35 kernel/fs.o
 .comment       0x0000000000000034       0x35 kernel/hd.o

.debug
 *(.debug)

.line
 *(.line)

.debug_srcinfo
 *(.debug_srcinfo)

.debug_sfnames
 *(.debug_sfnames)

.debug_aranges
 *(.debug_aranges)

.debug_pubnames
 *(.debug_pubnames)

.debug_info
 *(.debug_info .gnu.linkonce.wi.*)

.debug_abbrev
 *(.debug_abbrev)

.debug_line
 *(.debug_line .debug_line.* .debug_line_end)

.debug_frame
 *(.debug_frame)

.debug_str
 *(.debug_str)

.debug_loc
 *(.debug_loc)

.debug_macinfo
 *(.debug_macinfo)

.debug_weaknames
 *(.debug_weaknames)

.debug_funcnames
 *(.debug_funcnames)

.debug_typenames
 *(.debug_typenames)

.debug_varnames
 *(.debug_varnames)

.debug_pubtypes
 *(.debug_pubtypes)

.debug_ranges
 *(.debug_ranges)

.debug_macro
 *(.debug_macro)

.gnu.attributes
 *(.gnu.attributes)

/DISCARD/
 *(.note.GNU-stack)
 *(.gnu_debuglink)
 *(.gnu.lto_*)
OUTPUT(kernel.bin elf32-i386)
